Archive member included to satisfy reference by file (symbol)

C:/Users/qmk/Desktop/DWM1001/Source_Code/DWM1001_on_board_package/dwm/examples/dwm-simple/../../lib/libdwm.a(ble-server.o)
                              C:/Users/qmk/Desktop/DWM1001/Source_Code/DWM1001_on_board_package/dwm/examples/dwm-simple/../../lib/dwm.o (ble_add_shell_cmds)
C:/Users/qmk/Desktop/DWM1001/Source_Code/DWM1001_on_board_package/dwm/examples/dwm-simple/../../lib/libdwm.a(ble_srv_common.o)
                              C:/Users/qmk/Desktop/DWM1001/Source_Code/DWM1001_on_board_package/dwm/examples/dwm-simple/../../lib/libdwm.a(ble-server.o) (ble_srv_is_notification_enabled)
C:/Users/qmk/Desktop/DWM1001/Source_Code/DWM1001_on_board_package/dwm/examples/dwm-simple/../../lib/libdwm.a(dw1000.o)
                              C:/Users/qmk/Desktop/DWM1001/Source_Code/DWM1001_on_board_package/dwm/examples/dwm-simple/../../lib/libdwm.a(ble-server.o) (dw_rand)
C:/Users/qmk/Desktop/DWM1001/Source_Code/DWM1001_on_board_package/dwm/examples/dwm-simple/../../lib/libdwm.a(dwm-math.o)
                              C:/Users/qmk/Desktop/DWM1001/Source_Code/DWM1001_on_board_package/dwm/examples/dwm-simple/../../lib/libdwm.a(dw1000.o) (flog10)
C:/Users/qmk/Desktop/DWM1001/Source_Code/DWM1001_on_board_package/dwm/examples/dwm-simple/../../lib/libdwm.a(dwm.o)
                              C:/Users/qmk/Desktop/DWM1001/Source_Code/DWM1001_on_board_package/dwm/examples/dwm-simple/output/compiler/dwm-simple.o (dwm_systime_us_get)
C:/Users/qmk/Desktop/DWM1001/Source_Code/DWM1001_on_board_package/dwm/examples/dwm-simple/../../lib/libdwm.a(env-tlv.o)
                              C:/Users/qmk/Desktop/DWM1001/Source_Code/DWM1001_on_board_package/dwm/examples/dwm-simple/../../lib/dwm.o (env_load)
C:/Users/qmk/Desktop/DWM1001/Source_Code/DWM1001_on_board_package/dwm/examples/dwm-simple/../../lib/libdwm.a(fwup.o)
                              C:/Users/qmk/Desktop/DWM1001/Source_Code/DWM1001_on_board_package/dwm/examples/dwm-simple/../../lib/libdwm.a(ble-server.o) (fwup_rcvr_in_progress)
C:/Users/qmk/Desktop/DWM1001/Source_Code/DWM1001_on_board_package/dwm/examples/dwm-simple/../../lib/libdwm.a(hal.o)
                              C:/Users/qmk/Desktop/DWM1001/Source_Code/DWM1001_on_board_package/dwm/examples/dwm-simple/../../lib/libdwm.a(dwm.o) (hal_factory_reset)
C:/Users/qmk/Desktop/DWM1001/Source_Code/DWM1001_on_board_package/dwm/examples/dwm-simple/../../lib/libdwm.a(nrf_drv_rng.o)
                              C:/Users/qmk/Desktop/DWM1001/Source_Code/DWM1001_on_board_package/dwm/examples/dwm-simple/../../lib/libdwm.a(hal.o) (nrf_drv_rng_init)
C:/Users/qmk/Desktop/DWM1001/Source_Code/DWM1001_on_board_package/dwm/examples/dwm-simple/../../lib/libdwm.a(pm.o)
                              C:/Users/qmk/Desktop/DWM1001/Source_Code/DWM1001_on_board_package/dwm/examples/dwm-simple/../../lib/libdwm.a(ble-server.o) (pm_sched_signal)
C:/Users/qmk/Desktop/DWM1001/Source_Code/DWM1001_on_board_package/dwm/examples/dwm-simple/../../lib/libdwm.a(process-api.o)
                              C:/Users/qmk/Desktop/DWM1001/Source_Code/DWM1001_on_board_package/dwm/examples/dwm-simple/../../lib/dwm.o (api_thread_start)
C:/Users/qmk/Desktop/DWM1001/Source_Code/DWM1001_on_board_package/dwm/examples/dwm-simple/../../lib/libdwm.a(process-ble.o)
                              C:/Users/qmk/Desktop/DWM1001/Source_Code/DWM1001_on_board_package/dwm/examples/dwm-simple/../../lib/libdwm.a(ble-server.o) (ble_server_evt_put)
C:/Users/qmk/Desktop/DWM1001/Source_Code/DWM1001_on_board_package/dwm/examples/dwm-simple/../../lib/libdwm.a(process-le.o)
                              C:/Users/qmk/Desktop/DWM1001/Source_Code/DWM1001_on_board_package/dwm/examples/dwm-simple/../../lib/dwm.o (le_init)
C:/Users/qmk/Desktop/DWM1001/Source_Code/DWM1001_on_board_package/dwm/examples/dwm-simple/../../lib/libdwm.a(process-pm.o)
                              C:/Users/qmk/Desktop/DWM1001/Source_Code/DWM1001_on_board_package/dwm/examples/dwm-simple/../../lib/dwm.o (hal_pm_init)
C:/Users/qmk/Desktop/DWM1001/Source_Code/DWM1001_on_board_package/dwm/examples/dwm-simple/../../lib/libdwm.a(process-svc.o)
                              C:/Users/qmk/Desktop/DWM1001/Source_Code/DWM1001_on_board_package/dwm/examples/dwm-simple/../../lib/dwm.o (svc_init)
C:/Users/qmk/Desktop/DWM1001/Source_Code/DWM1001_on_board_package/dwm/examples/dwm-simple/../../lib/libdwm.a(process-uwbmac.o)
                              C:/Users/qmk/Desktop/DWM1001/Source_Code/DWM1001_on_board_package/dwm/examples/dwm-simple/../../lib/dwm.o (uwbmac_init)
C:/Users/qmk/Desktop/DWM1001/Source_Code/DWM1001_on_board_package/dwm/examples/dwm-simple/../../lib/libdwm.a(process-uwb.o)
                              C:/Users/qmk/Desktop/DWM1001/Source_Code/DWM1001_on_board_package/dwm/examples/dwm-simple/../../lib/dwm.o (uwb_init)
C:/Users/qmk/Desktop/DWM1001/Source_Code/DWM1001_on_board_package/dwm/examples/dwm-simple/../../lib/libdwm.a(serial.o)
[...]
Memory Configuration

Name             Origin             Length             Attributes
sram             0x200035e0         0x0000ba20
flash            0x00044000         0x0003c000
*default*        0x00000000         0xffffffff

Linker script and memory map

LOAD C:/Users/qmk/Desktop/DWM1001/Source_Code/DWM1001_on_board_package/dwm/examples/dwm-simple/../../lib\vectors.o
LOAD C:/Users/qmk/Desktop/DWM1001/Source_Code/DWM1001_on_board_package/dwm/examples/dwm-simple/output/compiler/dwm-simple.o
LOAD C:/Users/qmk/Desktop/DWM1001/Source_Code/DWM1001_on_board_package/dwm/examples/dwm-simple/../../lib/dwm.o
LOAD C:/Users/qmk/Desktop/DWM1001/Source_Code/DWM1001_on_board_package/dwm/examples/dwm-simple/../../lib/libdwm.a
LOAD c:/program files (x86)/gnu tools arm embedded/5.4 2016q3/bin/../lib/gcc/arm-none-eabi/5.4.1/../../../../arm-none-eabi/lib/armv7e-m/fpu\libm.a
LOAD c:/program files (x86)/gnu tools arm embedded/5.4 2016q3/bin/../lib/gcc/arm-none-eabi/5.4.1/armv7e-m/fpu\libgcc.a
LOAD c:/program files (x86)/gnu tools arm embedded/5.4 2016q3/bin/../lib/gcc/arm-none-eabi/5.4.1/../../../../arm-none-eabi/lib/armv7e-m/fpu\libc.a
LOAD c:/program files (x86)/gnu tools arm embedded/5.4 2016q3/bin/../lib/gcc/arm-none-eabi/5.4.1/../../../../arm-none-eabi/lib/armv7e-m/fpu\libnosys.a
LOAD C:/Users/qmk/Desktop/DWM1001/Source_Code/DWM1001_on_board_package/dwm/examples/dwm-simple/../../lib\extras.o
START GROUP
LOAD C:/Users/qmk/Desktop/DWM1001/Source_Code/DWM1001_on_board_package/dwm/examples/dwm-simple/../../lib\libtarget.a
LOAD c:/program files (x86)/gnu tools arm embedded/5.4 2016q3/bin/../lib/gcc/arm-none-eabi/5.4.1/armv7e-m/fpu\libgcc.a
LOAD c:/program files (x86)/gnu tools arm embedded/5.4 2016q3/bin/../lib/gcc/arm-none-eabi/5.4.1/../../../../arm-none-eabi/lib/armv7e-m/fpu\libsupc++.a
END GROUP

.debug_aranges  0x00000000       0x30
 *(.debug_aranges)
 .debug_aranges
                0x00000000       0x30 C:/Users/qmk/Desktop/DWM1001/Source_Code/DWM1001_on_board_package/dwm/examples/dwm-simple/output/compiler/dwm-simple.o

.debug_pubnames
 *(.debug_pubnames)

.debug_info     0x00000000      0x67a
 *(.debug_info)
 .debug_info    0x00000000      0x67a C:/Users/qmk/Desktop/DWM1001/Source_Code/DWM1001_on_board_package/dwm/examples/dwm-simple/output/compiler/dwm-simple.o

.debug_abbrev   0x00000000      0x181
 *(.debug_abbrev)
 .debug_abbrev  0x00000000      0x181 C:/Users/qmk/Desktop/DWM1001/Source_Code/DWM1001_on_board_package/dwm/examples/dwm-simple/output/compiler/dwm-simple.o

.debug_line     0x00000000      0x1f9
 *(.debug_line)
 .debug_line    0x00000000      0x1f9 C:/Users/qmk/Desktop/DWM1001/Source_Code/DWM1001_on_board_package/dwm/examples/dwm-simple/output/compiler/dwm-simple.o

.debug_frame    0x00000000     0x17ec
 *(.debug_frame)
 .debug_frame   0x00000000       0x7c C:/Users/qmk/Desktop/DWM1001/Source_Code/DWM1001_on_board_package/dwm/examples/dwm-simple/output/compiler/dwm-simple.o
 .debug_frame   0x0000007c       0x30 c:/program files (x86)/gnu tools arm embedded/5.4 2016q3/bin/../lib/gcc/arm-none-eabi/5.4.1/../../../../arm-none-eabi/lib/armv7e-m/fpu\libm.a(lib_a-s_ceil.o)
 .debug_frame   0x000000ac       0x30 c:/program files (x86)/gnu tools arm embedded/5.4 2016q3/bin/../lib/gcc/arm-none-eabi/5.4.1/../../../../arm-none-eabi/lib/armv7e-m/fpu\libm.a(lib_a-s_floor.o)
 .debug_frame   0x000000dc       0x58 c:/program files (x86)/gnu tools arm embedded/5.4 2016q3/bin/../lib/gcc/arm-none-eabi/5.4.1/../../../../arm-none-eabi/lib/armv7e-m/fpu\libm.a(lib_a-w_sqrt.o)
 .debug_frame   0x00000134       0x30 c:/program files (x86)/gnu tools arm embedded/5.4 2016q3/bin/../lib/gcc/arm-none-eabi/5.4.1/../../../../arm-none-eabi/lib/armv7e-m/fpu\libm.a(lib_a-e_sqrt.o)
 .debug_frame   0x00000164       0x20 c:/program files (x86)/gnu tools arm embedded/5.4 2016q3/bin/../lib/gcc/arm-none-eabi/5.4.1/../../../../arm-none-eabi/lib/armv7e-m/fpu\libm.a(lib_a-s_matherr.o)
 .debug_frame   0x00000184       0x44 c:/program files (x86)/gnu tools arm embedded/5.4 2016q3/bin/../lib/gcc/arm-none-eabi/5.4.1/armv7e-m/fpu\libgcc.a(_aeabi_ldivmod.o)
 .debug_frame   0x000001c8       0x2c c:/program files (x86)/gnu tools arm embedded/5.4 2016q3/bin/../lib/gcc/arm-none-eabi/5.4.1/armv7e-m/fpu\libgcc.a(_aeabi_uldivmod.o)
 .debug_frame   0x000001f4       0x2c c:/program files (x86)/gnu tools arm embedded/5.4 2016q3/bin/../lib/gcc/arm-none-eabi/5.4.1/armv7e-m/fpu\libgcc.a(_fixunssfdi.o)
 .debug_frame   0x00000220       0x2c c:/program files (x86)/gnu tools arm embedded/5.4 2016q3/bin/../lib/gcc/arm-none-eabi/5.4.1/armv7e-m/fpu\libgcc.a(_fixunsdfdi.o)
 .debug_frame   0x0000024c       0x34 c:/program files (x86)/gnu tools arm embedded/5.4 2016q3/bin/../lib/gcc/arm-none-eabi/5.4.1/armv7e-m/fpu\libgcc.a(_udivmoddi4.o)
 .debug_frame   0x00000280       0x30 c:/program files (x86)/gnu tools arm embedded/5.4 2016q3/bin/../lib/gcc/arm-none-eabi/5.4.1/../../../../arm-none-eabi/lib/armv7e-m/fpu\libc.a(lib_a-atoi.o)
 .debug_frame   0x000002b0       0x20 c:/program files (x86)/gnu tools arm embedded/5.4 2016q3/bin/../lib/gcc/arm-none-eabi/5.4.1/../../../../arm-none-eabi/lib/armv7e-m/fpu\libc.a(lib_a-calloc.o)
 .debug_frame   0x000002d0       0x28 c:/program files (x86)/gnu tools arm embedded/5.4 2016q3/bin/../lib/gcc/arm-none-eabi/5.4.1/../../../../arm-none-eabi/lib/armv7e-m/fpu\libc.a(lib_a-callocr.o)
 .debug_frame   0x000002f8       0x20 c:/program files (x86)/gnu tools arm embedded/5.4 2016q3/bin/../lib/gcc/arm-none-eabi/5.4.1/../../../../arm-none-eabi/lib/armv7e-m/fpu\libc.a(lib_a-errno.o)
 .debug_frame   0x00000318       0x6c c:/program files (x86)/gnu tools arm embedded/5.4 2016q3/bin/../lib/gcc/arm-none-eabi/5.4.1/../../../../arm-none-eabi/lib/armv7e-m/fpu\libc.a(lib_a-fflush.o)
 .debug_frame   0x00000384      0x124 c:/program files (x86)/gnu tools arm embedded/5.4 2016q3/bin/../lib/gcc/arm-none-eabi/5.4.1/../../../../arm-none-eabi/lib/armv7e-m/fpu\libc.a(lib_a-findfp.o)
 .debug_frame   0x000004a8       0x74 c:/program files (x86)/gnu tools arm embedded/5.4 2016q3/bin/../lib/gcc/arm-none-eabi/5.4.1/../../../../arm-none-eabi/lib/armv7e-m/fpu\libc.a(lib_a-freer.o)
 .debug_frame   0x0000051c       0x54 c:/program files (x86)/gnu tools arm embedded/5.4 2016q3/bin/../lib/gcc/arm-none-eabi/5.4.1/../../../../arm-none-eabi/lib/armv7e-m/fpu\libc.a(lib_a-fwalk.o)
 .debug_frame   0x00000570       0x30 c:/program files (x86)/gnu tools arm embedded/5.4 2016q3/bin/../lib/gcc/arm-none-eabi/5.4.1/../../../../arm-none-eabi/lib/armv7e-m/fpu\libc.a(lib_a-malloc.o)
 .debug_frame   0x000005a0       0x58 c:/program files (x86)/gnu tools arm embedded/5.4 2016q3/bin/../lib/gcc/arm-none-eabi/5.4.1/../../../../arm-none-eabi/lib/armv7e-m/fpu\libc.a(lib_a-mallocr.o)
 .debug_frame   0x000005f8       0x38 c:/program files (x86)/gnu tools arm embedded/5.4 2016q3/bin/../lib/gcc/arm-none-eabi/5.4.1/../../../../arm-none-eabi/lib/armv7e-m/fpu\libc.a(lib_a-memcmp.o)
 .debug_frame   0x00000630       0x34 c:/program files (x86)/gnu tools arm embedded/5.4 2016q3/bin/../lib/gcc/arm-none-eabi/5.4.1/../../../../arm-none-eabi/lib/armv7e-m/fpu\libc.a(lib_a-memset.o)
 .debug_frame   0x00000664       0x30 c:/program files (x86)/gnu tools arm embedded/5.4 2016q3/bin/../lib/gcc/arm-none-eabi/5.4.1/../../../../arm-none-eabi/lib/armv7e-m/fpu\libc.a(lib_a-mlock.o)
 .debug_frame   0x00000694       0x80 c:/program files (x86)/gnu tools arm embedded/5.4 2016q3/bin/../lib/gcc/arm-none-eabi/5.4.1/../../../../arm-none-eabi/lib/armv7e-m/fpu\libc.a(lib_a-mstats.o)
 .debug_frame   0x00000714       0x74 c:/program files (x86)/gnu tools arm embedded/5.4 2016q3/bin/../lib/gcc/arm-none-eabi/5.4.1/../../../../arm-none-eabi/lib/armv7e-m/fpu\libc.a(lib_a-printf.o)
 .debug_frame   0x00000788       0x30 c:/program files (x86)/gnu tools arm embedded/5.4 2016q3/bin/../lib/gcc/arm-none-eabi/5.4.1/../../../../arm-none-eabi/lib/armv7e-m/fpu\libc.a(lib_a-putchar.o)
 .debug_frame   0x000007b8       0x48 c:/program files (x86)/gnu tools arm embedded/5.4 2016q3/bin/../lib/gcc/arm-none-eabi/5.4.1/../../../../arm-none-eabi/lib/armv7e-m/fpu\libc.a(lib_a-puts.o)
 .debug_frame   0x00000800       0x2c c:/program files (x86)/gnu tools arm embedded/5.4 2016q3/bin/../lib/gcc/arm-none-eabi/5.4.1/../../../../arm-none-eabi/lib/armv7e-m/fpu\libc.a(lib_a-sbrkr.o)
 .debug_frame   0x0000082c       0xd0 c:/program files (x86)/gnu tools arm embedded/5.4 2016q3/bin/../lib/gcc/arm-none-eabi/5.4.1/../../../../arm-none-eabi/lib/armv7e-m/fpu\libc.a(lib_a-snprintf.o)
 .debug_frame   0x000008fc       0x88 c:/program files (x86)/gnu tools arm embedded/5.4 2016q3/bin/../lib/gcc/arm-none-eabi/5.4.1/../../../../arm-none-eabi/lib/armv7e-m/fpu\libc.a(lib_a-stdio.o)
 .debug_frame   0x00000984       0x68 c:/program files (x86)/gnu tools arm embedded/5.4 2016q3/bin/../lib/gcc/arm-none-eabi/5.4.1/../../../../arm-none-eabi/lib/armv7e-m/fpu\libc.a(lib_a-strcmp.o)
 .debug_frame   0x000009ec       0x54 c:/program files (x86)/gnu tools arm embedded/5.4 2016q3/bin/../lib/gcc/arm-none-eabi/5.4.1/../../../../arm-none-eabi/lib/armv7e-m/fpu\libc.a(lib_a-strncmp.o)
 .debug_frame   0x00000a40       0x30 c:/program files (x86)/gnu tools arm embedded/5.4 2016q3/bin/../lib/gcc/arm-none-eabi/5.4.1/../../../../arm-none-eabi/lib/armv7e-m/fpu\libc.a(lib_a-strnlen.o)
 .debug_frame   0x00000a70       0x20 c:/program files (x86)/gnu tools arm embedded/5.4 2016q3/bin/../lib/gcc/arm-none-eabi/5.4.1/../../../../arm-none-eabi/lib/armv7e-m/fpu\libc.a(lib_a-strtok.o)
 .debug_frame   0x00000a90       0x48 c:/program files (x86)/gnu tools arm embedded/5.4 2016q3/bin/../lib/gcc/arm-none-eabi/5.4.1/../../../../arm-none-eabi/lib/armv7e-m/fpu\libc.a(lib_a-strtok_r.o)
 .debug_frame   0x00000ad8       0x98 c:/program files (x86)/gnu tools arm embedded/5.4 2016q3/bin/../lib/gcc/arm-none-eabi/5.4.1/../../../../arm-none-eabi/lib/armv7e-m/fpu\libc.a(lib_a-strtol.o)
 .debug_frame   0x00000b70       0x98 c:/program files (x86)/gnu tools arm embedded/5.4 2016q3/bin/../lib/gcc/arm-none-eabi/5.4.1/../../../../arm-none-eabi/lib/armv7e-m/fpu\libc.a(lib_a-strtoul.o)
 .debug_frame   0x00000c08       0x44 c:/program files (x86)/gnu tools arm embedded/5.4 2016q3/bin/../lib/gcc/arm-none-eabi/5.4.1/../../../../arm-none-eabi/lib/armv7e-m/fpu\libc.a(lib_a-svfprintf.o)
 .debug_frame   0x00000c4c       0x88 c:/program files (x86)/gnu tools arm embedded/5.4 2016q3/bin/../lib/gcc/arm-none-eabi/5.4.1/../../../../arm-none-eabi/lib/armv7e-m/fpu\libc.a(lib_a-vfprintf.o)
 .debug_frame   0x00000cd4       0x2c c:/program files (x86)/gnu tools arm embedded/5.4 2016q3/bin/../lib/gcc/arm-none-eabi/5.4.1/../../../../arm-none-eabi/lib/armv7e-m/fpu\libc.a(lib_a-writer.o)
 .debug_frame   0x00000d00       0x2c c:/program files (x86)/gnu tools arm embedded/5.4 2016q3/bin/../lib/gcc/arm-none-eabi/5.4.1/../../../../arm-none-eabi/lib/armv7e-m/fpu\libc.a(lib_a-wsetup.o)
 .debug_frame   0x00000d2c       0x2c c:/program files (x86)/gnu tools arm embedded/5.4 2016q3/bin/../lib/gcc/arm-none-eabi/5.4.1/../../../../arm-none-eabi/lib/armv7e-m/fpu\libc.a(lib_a-closer.o)
 .debug_frame   0x00000d58       0x88 c:/program files (x86)/gnu tools arm embedded/5.4 2016q3/bin/../lib/gcc/arm-none-eabi/5.4.1/../../../../arm-none-eabi/lib/armv7e-m/fpu\libc.a(lib_a-dtoa.o)
 .debug_frame   0x00000de0       0x44 c:/program files (x86)/gnu tools arm embedded/5.4 2016q3/bin/../lib/gcc/arm-none-eabi/5.4.1/../../../../arm-none-eabi/lib/armv7e-m/fpu\libc.a(lib_a-fclose.o)
 .debug_frame   0x00000e24       0x68 c:/program files (x86)/gnu tools arm embedded/5.4 2016q3/bin/../lib/gcc/arm-none-eabi/5.4.1/../../../../arm-none-eabi/lib/armv7e-m/fpu\libc.a(lib_a-fvwrite.o)
 .debug_frame   0x00000e8c       0x84 c:/program files (x86)/gnu tools arm embedded/5.4 2016q3/bin/../lib/gcc/arm-none-eabi/5.4.1/../../../../arm-none-eabi/lib/armv7e-m/fpu\libc.a(lib_a-locale.o)
 .debug_frame   0x00000f10       0x40 c:/program files (x86)/gnu tools arm embedded/5.4 2016q3/bin/../lib/gcc/arm-none-eabi/5.4.1/../../../../arm-none-eabi/lib/armv7e-m/fpu\libc.a(lib_a-localeconv.o)
 .debug_frame   0x00000f50       0x2c c:/program files (x86)/gnu tools arm embedded/5.4 2016q3/bin/../lib/gcc/arm-none-eabi/5.4.1/../../../../arm-none-eabi/lib/armv7e-m/fpu\libc.a(lib_a-lseekr.o)
 .debug_frame   0x00000f7c       0x68 c:/program files (x86)/gnu tools arm embedded/5.4 2016q3/bin/../lib/gcc/arm-none-eabi/5.4.1/../../../../arm-none-eabi/lib/armv7e-m/fpu\libc.a(lib_a-makebuf.o)
 .debug_frame   0x00000fe4       0x50 c:/program files (x86)/gnu tools arm embedded/5.4 2016q3/bin/../lib/gcc/arm-none-eabi/5.4.1/../../../../arm-none-eabi/lib/armv7e-m/fpu\libc.a(lib_a-mallinfor.o)
 .debug_frame   0x00001034       0x4c c:/program files (x86)/gnu tools arm embedded/5.4 2016q3/bin/../lib/gcc/arm-none-eabi/5.4.1/../../../../arm-none-eabi/lib/armv7e-m/fpu\libc.a(lib_a-mbtowc_r.o)
 .debug_frame   0x00001080       0x30 c:/program files (x86)/gnu tools arm embedded/5.4 2016q3/bin/../lib/gcc/arm-none-eabi/5.4.1/../../../../arm-none-eabi/lib/armv7e-m/fpu\libc.a(lib_a-memmove.o)
 .debug_frame   0x000010b0      0x264 c:/program files (x86)/gnu tools arm embedded/5.4 2016q3/bin/../lib/gcc/arm-none-eabi/5.4.1/../../../../arm-none-eabi/lib/armv7e-m/fpu\libc.a(lib_a-mprec.o)
 .debug_frame   0x00001314       0x58 c:/program files (x86)/gnu tools arm embedded/5.4 2016q3/bin/../lib/gcc/arm-none-eabi/5.4.1/../../../../arm-none-eabi/lib/armv7e-m/fpu\libc.a(lib_a-putc.o)
 .debug_frame   0x0000136c       0x2c c:/program files (x86)/gnu tools arm embedded/5.4 2016q3/bin/../lib/gcc/arm-none-eabi/5.4.1/../../../../arm-none-eabi/lib/armv7e-m/fpu\libc.a(lib_a-readr.o)
 .debug_frame   0x00001398       0x60 c:/program files (x86)/gnu tools arm embedded/5.4 2016q3/bin/../lib/gcc/arm-none-eabi/5.4.1/../../../../arm-none-eabi/lib/armv7e-m/fpu\libc.a(lib_a-reallocr.o)
 .debug_frame   0x000013f8       0x58 c:/program files (x86)/gnu tools arm embedded/5.4 2016q3/bin/../lib/gcc/arm-none-eabi/5.4.1/../../../../arm-none-eabi/lib/armv7e-m/fpu\libc.a(lib_a-reent.o)
 .debug_frame   0x00001450       0x78 c:/program files (x86)/gnu tools arm embedded/5.4 2016q3/bin/../lib/gcc/arm-none-eabi/5.4.1/../../../../arm-none-eabi/lib/armv7e-m/fpu\libc.a(lib_a-svfiprintf.o)
 .debug_frame   0x000014c8       0xc8 c:/program files (x86)/gnu tools arm embedded/5.4 2016q3/bin/../lib/gcc/arm-none-eabi/5.4.1/../../../../arm-none-eabi/lib/armv7e-m/fpu\libc.a(lib_a-vfiprintf.o)
 .debug_frame   0x00001590       0x40 c:/program files (x86)/gnu tools arm embedded/5.4 2016q3/bin/../lib/gcc/arm-none-eabi/5.4.1/../../../../arm-none-eabi/lib/armv7e-m/fpu\libc.a(lib_a-wbuf.o)
 .debug_frame   0x000015d0       0x3c c:/program files (x86)/gnu tools arm embedded/5.4 2016q3/bin/../lib/gcc/arm-none-eabi/5.4.1/../../../../arm-none-eabi/lib/armv7e-m/fpu\libc.a(lib_a-wctomb_r.o)
 .debug_frame   0x0000160c       0x8c c:/program files (x86)/gnu tools arm embedded/5.4 2016q3/bin/../lib/gcc/arm-none-eabi/5.4.1/../../../../arm-none-eabi/lib/armv7e-m/fpu\libc.a(lib_a-fputwc.o)
 .debug_frame   0x00001698       0x2c c:/program files (x86)/gnu tools arm embedded/5.4 2016q3/bin/../lib/gcc/arm-none-eabi/5.4.1/../../../../arm-none-eabi/lib/armv7e-m/fpu\libc.a(lib_a-fstatr.o)
 .debug_frame   0x000016c4       0x2c c:/program files (x86)/gnu tools arm embedded/5.4 2016q3/bin/../lib/gcc/arm-none-eabi/5.4.1/../../../../arm-none-eabi/lib/armv7e-m/fpu\libc.a(lib_a-isattyr.o)
 .debug_frame   0x000016f0       0x5c c:/program files (x86)/gnu tools arm embedded/5.4 2016q3/bin/../lib/gcc/arm-none-eabi/5.4.1/../../../../arm-none-eabi/lib/armv7e-m/fpu\libc.a(lib_a-wcrtomb.o)
 .debug_frame   0x0000174c       0x20 c:/program files (x86)/gnu tools arm embedded/5.4 2016q3/bin/../lib/gcc/arm-none-eabi/5.4.1/../../../../arm-none-eabi/lib/armv7e-m/fpu\libnosys.a(close.o)
 .debug_frame   0x0000176c       0x20 c:/program files (x86)/gnu tools arm embedded/5.4 2016q3/bin/../lib/gcc/arm-none-eabi/5.4.1/../../../../arm-none-eabi/lib/armv7e-m/fpu\libnosys.a(fstat.o)
 .debug_frame   0x0000178c       0x20 c:/program files (x86)/gnu tools arm embedded/5.4 2016q3/bin/../lib/gcc/arm-none-eabi/5.4.1/../../../../arm-none-eabi/lib/armv7e-m/fpu\libnosys.a(isatty.o)
 .debug_frame   0x000017ac       0x20 c:/program files (x86)/gnu tools arm embedded/5.4 2016q3/bin/../lib/gcc/arm-none-eabi/5.4.1/../../../../arm-none-eabi/lib/armv7e-m/fpu\libnosys.a(lseek.o)
 .debug_frame   0x000017cc       0x20 c:/program files (x86)/gnu tools arm embedded/5.4 2016q3/bin/../lib/gcc/arm-none-eabi/5.4.1/../../../../arm-none-eabi/lib/armv7e-m/fpu\libsupc++.a(atexit_arm.o)

.debug_str      0x00000000      0x549
 *(.debug_str)
 .debug_str     0x00000000      0x549 C:/Users/qmk/Desktop/DWM1001/Source_Code/DWM1001_on_board_package/dwm/examples/dwm-simple/output/compiler/dwm-simple.o
                                0x5bc (size before relaxing)

.debug_loc
 *(.debug_loc)

.debug_macinfo
 *(.debug_macinfo)

.note.arm.ident
 *(.note.arm.ident)

/DISCARD/
 *(.fini_array*)

.rom_vectors    0x00044000        0x8
                0x00044000                __rom_vectors_vma = ABSOLUTE (.)
                0x00044000                . = .
 *(.vectors)
 .vectors       0x00044000        0x8 C:/Users/qmk/Desktop/DWM1001/Source_Code/DWM1001_on_board_package/dwm/examples/dwm-simple/../../lib\vectors.o
                0x00044000                __rom_vectors_lma = LOADADDR (.rom_vectors)

.rel.text
 *(.rel.text)
 *(.rel.text.*)
 *(.rel.gnu.linkonce.t*)

.rela.text
 *(.rela.text)
 *(.rela.text.*)
 *(.rela.gnu.linkonce.t*)

.rel.data
 *(.rel.data)
 *(.rel.data.*)
 *(.rel.gnu.linkonce.d*)

.rela.data
 *(.rela.data)
 *(.rela.data.*)
 *(.rela.gnu.linkonce.d*)

.rel.rodata
 *(.rel.rodata)
 *(.rel.rodata.*)
 *(.rel.gnu.linkonce.r*)

.rela.rodata
 *(.rela.rodata)
 *(.rela.rodata.*)
 *(.rela.gnu.linkonce.r*)

.rel.got
 *(.rel.got)

.rela.got
 *(.rela.got)

.rel.ctors
 *(.rel.ctors)

.rela.ctors
 *(.rela.ctors)

.rel.dtors
 *(.rel.dtors)

.rela.dtors
 *(.rela.dtors)

.rel.init
 *(.rel.init)

.rela.init
 *(.rela.init)

.rel.fini
 *(.rel.fini)

.rela.fini
 *(.rela.fini)

.rel.bss
 *(.rel.bss)

.rela.bss
 *(.rela.bss)

.rel.plt
 *(.rel.plt)

.rela.plt
 *(.rela.plt)

.rel.dyn        0x00044008        0x0
 *(.rel.dyn)
 .rel.iplt      0x00044008        0x0 C:/Users/qmk/Desktop/DWM1001/Source_Code/DWM1001_on_board_package/dwm/examples/dwm-simple/../../lib\vectors.o

.ARM.extab      0x00044008        0x0
                [!provide]                PROVIDE (__stext, ABSOLUTE (.))
                0x00044008                _stext = ABSOLUTE (.)
                0x00044008                . = .
 *(.ARM.extab* .gnu.linkonce.armextab.*)
                0x00044008                . = ALIGN (0x8)
                0x00044008                __exidx_start = ABSOLUTE (.)

.ARM.exidx      0x00044008        0x8
 *(.ARM.exidx* .gnu.linkonce.armexidx.*)
 .ARM.exidx     0x00044008        0x8 c:/program files (x86)/gnu tools arm embedded/5.4 2016q3/bin/../lib/gcc/arm-none-eabi/5.4.1/armv7e-m/fpu\libgcc.a(_udivmoddi4.o)
 .ARM.exidx.text.__aeabi_atexit
                0x00044010        0x0 c:/program files (x86)/gnu tools arm embedded/5.4 2016q3/bin/../lib/gcc/arm-none-eabi/5.4.1/../../../../arm-none-eabi/lib/armv7e-m/fpu\libsupc++.a(atexit_arm.o)
                                  0x8 (size before relaxing)
                0x00044010                . = .
                0x00044010                __exidx_end = ABSOLUTE (.)

.text           0x00044010    0x29eac
 *(.text*)
 .text          0x00044010       0xec C:/Users/qmk/Desktop/DWM1001/Source_Code/DWM1001_on_board_package/dwm/examples/dwm-simple/../../lib\vectors.o
                0x00044010                reset_vector
                0x0004401c                hal_switch_state_vsr
                0x0004403c                hal_default_exception_vsr
                0x0004406e                hal_default_interrupt_vsr
                0x00044082                hal_pendable_svc_vsr
                0x000440a8                hal_interrupt_end_done
                0x000440ac                hal_interrupt_end_vsr
                0x000440ba                hal_call_dsrs_vsr
                0x000440be                hal_default_svc_vsr
                0x000440cc                hal_usagefault_exception_vsr
                0x000440f4                hal_boot_jump_asm
 .text.on_dwm_evt
                0x000440fc      0x1cc C:/Users/qmk/Desktop/DWM1001/Source_Code/DWM1001_on_board_package/dwm/examples/dwm-simple/output/compiler/dwm-simple.o
                0x000440fc                on_dwm_evt
 .text.app_thread_entry
                0x000442c8      0x1e0 C:/Users/qmk/Desktop/DWM1001/Source_Code/DWM1001_on_board_package/dwm/examples/dwm-simple/output/compiler/dwm-simple.o
                0x000442c8                app_thread_entry
 .text.dwm_user_start
                0x000444a8       0x58 C:/Users/qmk/Desktop/DWM1001/Source_Code/DWM1001_on_board_package/dwm/examples/dwm-simple/output/compiler/dwm-simple.o
                0x000444a8                dwm_user_start
 .text.user_thread_create
                0x00044500       0x84 C:/Users/qmk/Desktop/DWM1001/Source_Code/DWM1001_on_board_package/dwm/examples/dwm-simple/../../lib/dwm.o
                0x00044500                user_thread_create
 .text.user_thread_resume
                0x00044584       0x38 C:/Users/qmk/Desktop/DWM1001/Source_Code/DWM1001_on_board_package/dwm/examples/dwm-simple/../../lib/dwm.o
                0x00044584                user_thread_resume
 .text.dwm_shell_add_commands
                0x000445bc       0x6c C:/Users/qmk/Desktop/DWM1001/Source_Code/DWM1001_on_board_package/dwm/examples/dwm-simple/../../lib/dwm.o
                0x000445bc                dwm_shell_add_commands
 .text.cyg_user_start
                0x00044628      0x13c C:/Users/qmk/Desktop/DWM1001/Source_Code/DWM1001_on_board_package/dwm/examples/dwm-simple/../../lib/dwm.o
                0x00044628                cyg_user_start
 .text.ble_adv_is_enabled
                0x00044764        0xc C:/Users/qmk/Desktop/DWM1001/Source_Code/DWM1001_on_board_package/dwm/examples/dwm-simple/../../lib/libdwm.a(ble-server.o)
                0x00044764                ble_adv_is_enabled
 .text.ble_add_shell_cmds
                0x00044770       0x10 C:/Users/qmk/Desktop/DWM1001/Source_Code/DWM1001_on_board_package/dwm/examples/dwm-simple/../../lib/libdwm.a(ble-server.o)
                0x00044770                ble_add_shell_cmds
 .text.ble_start
                0x00044780       0x10 C:/Users/qmk/Desktop/DWM1001/Source_Code/DWM1001_on_board_package/dwm/examples/dwm-simple/../../lib/libdwm.a(ble-server.o)
                0x00044780                ble_start
 .text.ble_stop
                0x00044790       0x10 C:/Users/qmk/Desktop/DWM1001/Source_Code/DWM1001_on_board_package/dwm/examples/dwm-simple/../../lib/libdwm.a(ble-server.o)
                0x00044790                ble_stop
 .text.ble_req_stop
                0x000447a0       0x10 C:/Users/qmk/Desktop/DWM1001/Source_Code/DWM1001_on_board_package/dwm/examples/dwm-simple/../../lib/libdwm.a(ble-server.o)
                0x000447a0                ble_req_stop
 .text.ble_stop_is_needed
                0x000447b0        0xc C:/Users/qmk/Desktop/DWM1001/Source_Code/DWM1001_on_board_package/dwm/examples/dwm-simple/../../lib/libdwm.a(ble-server.o)
                0x000447b0                ble_stop_is_needed
 .text.ble_autosuspend_disable
                0x000447bc        0xc C:/Users/qmk/Desktop/DWM1001/Source_Code/DWM1001_on_board_package/dwm/examples/dwm-simple/../../lib/libdwm.a(ble-server.o)
                0x000447bc                ble_autosuspend_disable
 .text.ble_autosuspend_enable
                0x000447c8        0xc C:/Users/qmk/Desktop/DWM1001/Source_Code/DWM1001_on_board_package/dwm/examples/dwm-simple/../../lib/libdwm.a(ble-server.o)
                0x000447c8                ble_autosuspend_enable
 .text.ble_label_set
                0x000447d4       0x10 C:/Users/qmk/Desktop/DWM1001/Source_Code/DWM1001_on_board_package/dwm/examples/dwm-simple/../../lib/libdwm.a(ble-server.o)
                0x000447d4                ble_label_set
 .text.ble_ur_set
                0x000447e4       0x10 C:/Users/qmk/Desktop/DWM1001/Source_Code/DWM1001_on_board_package/dwm/examples/dwm-simple/../../lib/libdwm.a(ble-server.o)
                0x000447e4                ble_ur_set
 .text.ble_pan_id_set
                0x000447f4       0x10 C:/Users/qmk/Desktop/DWM1001/Source_Code/DWM1001_on_board_package/dwm/examples/dwm-simple/../../lib/libdwm.a(ble-server.o)
                0x000447f4                ble_pan_id_set
 .text.ble_addr_set
                0x00044804       0x14 C:/Users/qmk/Desktop/DWM1001/Source_Code/DWM1001_on_board_package/dwm/examples/dwm-simple/../../lib/libdwm.a(ble-server.o)
                0x00044804                ble_addr_set
 .text.ble_addr_get
                0x00044818       0x14 C:/Users/qmk/Desktop/DWM1001/Source_Code/DWM1001_on_board_package/dwm/examples/dwm-simple/../../lib/libdwm.a(ble-server.o)
                0x00044818                ble_addr_get
 .text.ble_an_list_set
                0x0004482c       0x10 C:/Users/qmk/Desktop/DWM1001/Source_Code/DWM1001_on_board_package/dwm/examples/dwm-simple/../../lib/libdwm.a(ble-server.o)
                0x0004482c                ble_an_list_set
 .text.ble_mac_cl_info_set
                0x0004483c       0x10 C:/Users/qmk/Desktop/DWM1001/Source_Code/DWM1001_on_board_package/dwm/examples/dwm-simple/../../lib/libdwm.a(ble-server.o)
                0x0004483c                ble_mac_cl_info_set
 .text.ble_mac_stat_set
                0x0004484c       0x10 C:/Users/qmk/Desktop/DWM1001/Source_Code/DWM1001_on_board_package/dwm/examples/dwm-simple/../../lib/libdwm.a(ble-server.o)
                0x0004484c                ble_mac_stat_set
 .text.ble_proxy_set
                0x0004485c       0x14 C:/Users/qmk/Desktop/DWM1001/Source_Code/DWM1001_on_board_package/dwm/examples/dwm-simple/../../lib/libdwm.a(ble-server.o)
                0x0004485c                ble_proxy_set
 .text.ble_sys_info
                0x00044870       0x10 C:/Users/qmk/Desktop/DWM1001/Source_Code/DWM1001_on_board_package/dwm/examples/dwm-simple/../../lib/libdwm.a(ble-server.o)
                0x00044870                ble_sys_info
 .text.dw_usec_to_devt
                0x00044880       0x20 C:/Users/qmk/Desktop/DWM1001/Source_Code/DWM1001_on_board_package/dwm/examples/dwm-simple/../../lib/libdwm.a(dw1000.o)
                0x00044880                dw_usec_to_devt
 .text.dw_read_sys_time
                0x000448a0       0x40 C:/Users/qmk/Desktop/DWM1001/Source_Code/DWM1001_on_board_package/dwm/examples/dwm-simple/../../lib/libdwm.a(dw1000.o)
                0x000448a0                dw_read_sys_time
 .text.dw_rand  0x000448e0       0x18 C:/Users/qmk/Desktop/DWM1001/Source_Code/DWM1001_on_board_package/dwm/examples/dwm-simple/../../lib/libdwm.a(dw1000.o)
                0x000448e0                dw_rand
 .text.dw_near_timeout
                0x000448f8       0x50 C:/Users/qmk/Desktop/DWM1001/Source_Code/DWM1001_on_board_package/dwm/examples/dwm-simple/../../lib/libdwm.a(dw1000.o)
                0x000448f8                dw_near_timeout
 .text.dw_tx_reset
                0x00044948       0x3a C:/Users/qmk/Desktop/DWM1001/Source_Code/DWM1001_on_board_package/dwm/examples/dwm-simple/../../lib/libdwm.a(dw1000.o)
                0x00044948                dw_tx_reset
 .text.dw_buf_write
                0x00044982       0xd4 C:/Users/qmk/Desktop/DWM1001/Source_Code/DWM1001_on_board_package/dwm/examples/dwm-simple/../../lib/libdwm.a(dw1000.o)
                0x00044982                dw_buf_write
 .text.dw_buf_start
                0x00044a56       0x90 C:/Users/qmk/Desktop/DWM1001/Source_Code/DWM1001_on_board_package/dwm/examples/dwm-simple/../../lib/libdwm.a(dw1000.o)
                0x00044a56                dw_buf_start
 .text.dw_buf_await_send
                0x00044ae6       0x54 C:/Users/qmk/Desktop/DWM1001/Source_Code/DWM1001_on_board_package/dwm/examples/dwm-simple/../../lib/libdwm.a(dw1000.o)
                0x00044ae6                dw_buf_await_send
 .text.dw_buf_send
                0x00044b3a       0x1e C:/Users/qmk/Desktop/DWM1001/Source_Code/DWM1001_on_board_package/dwm/examples/dwm-simple/../../lib/libdwm.a(dw1000.o)
                0x00044b3a                dw_buf_send
 .text.dw_rx_on
                0x00044b58       0x20 C:/Users/qmk/Desktop/DWM1001/Source_Code/DWM1001_on_board_package/dwm/examples/dwm-simple/../../lib/libdwm.a(dw1000.o)
                0x00044b58                dw_rx_on
 .text.dw_rxto_on
                0x00044b78       0x40 C:/Users/qmk/Desktop/DWM1001/Source_Code/DWM1001_on_board_package/dwm/examples/dwm-simple/../../lib/libdwm.a(dw1000.o)
                0x00044b78                dw_rxto_on
 .text.dw_get_preamble_len
                0x00044bb8       0x18 C:/Users/qmk/Desktop/DWM1001/Source_Code/DWM1001_on_board_package/dwm/examples/dwm-simple/../../lib/libdwm.a(dw1000.o)
                0x00044bb8                dw_get_preamble_len
 .text.dw_get_frame_len
                0x00044bd0      0x124 C:/Users/qmk/Desktop/DWM1001/Source_Code/DWM1001_on_board_package/dwm/examples/dwm-simple/../../lib/libdwm.a(dw1000.o)
                0x00044bd0                dw_get_frame_len
 *fill*         0x00044cf4        0x4 
 .text.dw_get_qf
                0x00044cf8      0x16c C:/Users/qmk/Desktop/DWM1001/Source_Code/DWM1001_on_board_package/dwm/examples/dwm-simple/../../lib/libdwm.a(dw1000.o)
                0x00044cf8                dw_get_qf
 *fill*         0x00044e64        0x4 
 .text.dw_get_rssi
                0x00044e68       0xb8 C:/Users/qmk/Desktop/DWM1001/Source_Code/DWM1001_on_board_package/dwm/examples/dwm-simple/../../lib/libdwm.a(dw1000.o)
                0x00044e68                dw_get_rssi
 .text.dw_set_ch_cfg
                0x00044f20        0xa C:/Users/qmk/Desktop/DWM1001/Source_Code/DWM1001_on_board_package/dwm/examples/dwm-simple/../../lib/libdwm.a(dw1000.o)
                0x00044f20                dw_set_ch_cfg
 .text.dw_set_tx_cfg
                0x00044f2a       0x1a C:/Users/qmk/Desktop/DWM1001/Source_Code/DWM1001_on_board_package/dwm/examples/dwm-simple/../../lib/libdwm.a(dw1000.o)
                0x00044f2a                dw_set_tx_cfg
 .text.dw_set_ant_tx_delay
                0x00044f44        0x8 C:/Users/qmk/Desktop/DWM1001/Source_Code/DWM1001_on_board_package/dwm/examples/dwm-simple/../../lib/libdwm.a(dw1000.o)
                0x00044f44                dw_set_ant_tx_delay
 .text.dw_get_temp
                0x00044f4c       0x36 C:/Users/qmk/Desktop/DWM1001/Source_Code/DWM1001_on_board_package/dwm/examples/dwm-simple/../../lib/libdwm.a(dw1000.o)
                0x00044f4c                dw_get_temp
 .text.dw_rsl_workaround
                0x00044f82       0x1c C:/Users/qmk/Desktop/DWM1001/Source_Code/DWM1001_on_board_package/dwm/examples/dwm-simple/../../lib/libdwm.a(dw1000.o)
                0x00044f82                dw_rsl_workaround
 *fill*         0x00044f9e        0x2 
 .text.dw_bw_txpwr_comp
                0x00044fa0      0x1f8 C:/Users/qmk/Desktop/DWM1001/Source_Code/DWM1001_on_board_package/dwm/examples/dwm-simple/../../lib/libdwm.a(dw1000.o)
                0x00044fa0                dw_bw_txpwr_comp
 .text.dw_tx_cb
                0x00045198       0x7c C:/Users/qmk/Desktop/DWM1001/Source_Code/DWM1001_on_board_package/dwm/examples/dwm-simple/../../lib/libdwm.a(dw1000.o)
                0x00045198                dw_tx_cb
 .text.dw_rx_cb
                0x00045214      0x18a C:/Users/qmk/Desktop/DWM1001/Source_Code/DWM1001_on_board_package/dwm/examples/dwm-simple/../../lib/libdwm.a(dw1000.o)
                0x00045214                dw_rx_cb
 .text.dw_sleep
                0x0004539e       0x54 C:/Users/qmk/Desktop/DWM1001/Source_Code/DWM1001_on_board_package/dwm/examples/dwm-simple/../../lib/libdwm.a(dw1000.o)
                0x0004539e                dw_sleep
 .text.dw_rxdata_read
                0x000453f2       0x10 C:/Users/qmk/Desktop/DWM1001/Source_Code/DWM1001_on_board_package/dwm/examples/dwm-simple/../../lib/libdwm.a(dw1000.o)
                0x000453f2                dw_rxdata_read
 *fill*         0x00045402        0x2 
 .text.dw_init  0x00045404       0xac C:/Users/qmk/Desktop/DWM1001/Source_Code/DWM1001_on_board_package/dwm/examples/dwm-simple/../../lib/libdwm.a(dw1000.o)
                0x00045404                dw_init
 .text.dw_set_src_addr
                0x000454b0       0x7a C:/Users/qmk/Desktop/DWM1001/Source_Code/DWM1001_on_board_package/dwm/examples/dwm-simple/../../lib/libdwm.a(dw1000.o)
                0x000454b0                dw_set_src_addr
 .text.dw_get_src_addr
                0x0004552a        0xc C:/Users/qmk/Desktop/DWM1001/Source_Code/DWM1001_on_board_package/dwm/examples/dwm-simple/../../lib/libdwm.a(dw1000.o)
                0x0004552a                dw_get_src_addr
 .text.dw_get_event
                0x00045536       0x70 C:/Users/qmk/Desktop/DWM1001/Source_Code/DWM1001_on_board_package/dwm/examples/dwm-simple/../../lib/libdwm.a(dw1000.o)
                0x00045536                dw_get_event
 *fill*         0x000455a6        0x2 
 .text.uwb_get_if
                0x000455a8       0x10 C:/Users/qmk/Desktop/DWM1001/Source_Code/DWM1001_on_board_package/dwm/examples/dwm-simple/../../lib/libdwm.a(dw1000.o)
                0x000455a8                uwb_get_if
 .text.dw1000_init
                0x000455b8       0xd8 C:/Users/qmk/Desktop/DWM1001/Source_Code/DWM1001_on_board_package/dwm/examples/dwm-simple/../../lib/libdwm.a(dw1000.o)
                0x000455b8                dw1000_init
 .text.dw_dump_cfg
                0x00045690      0x278 C:/Users/qmk/Desktop/DWM1001/Source_Code/DWM1001_on_board_package/dwm/examples/dwm-simple/../../lib/libdwm.a(dw1000.o)
                0x00045690                dw_dump_cfg
 .text.uwb_sys_info
                0x00045908      0x100 C:/Users/qmk/Desktop/DWM1001/Source_Code/DWM1001_on_board_package/dwm/examples/dwm-simple/../../lib/libdwm.a(dw1000.o)
                0x00045908                uwb_sys_info
 .text.fact     0x00045a08       0x12 C:/Users/qmk/Desktop/DWM1001/Source_Code/DWM1001_on_board_package/dwm/examples/dwm-simple/../../lib/libdwm.a(dwm-math.o)
                0x00045a08                fact
 *fill*         0x00045a1a        0x2 
 .text.flog10   0x00045a1c       0x28 C:/Users/qmk/Desktop/DWM1001/Source_Code/DWM1001_on_board_package/dwm/examples/dwm-simple/../../lib/libdwm.a(dwm-math.o)
                0x00045a1c                flog10
 .text.get_dist
                0x00045a44       0xc4 C:/Users/qmk/Desktop/DWM1001/Source_Code/DWM1001_on_board_package/dwm/examples/dwm-simple/../../lib/libdwm.a(dwm-math.o)
                0x00045a44                get_dist
 .text.dwm_pm_init
                0x00045b08       0x34 C:/Users/qmk/Desktop/DWM1001/Source_Code/DWM1001_on_board_package/dwm/examples/dwm-simple/../../lib/libdwm.a(dwm.o)
 .text.uwbmac_cb
                0x00045b3c      0x204 C:/Users/qmk/Desktop/DWM1001/Source_Code/DWM1001_on_board_package/dwm/examples/dwm-simple/../../lib/libdwm.a(dwm.o)
 .text.dwm_pm_lock
                0x00045d40       0x20 C:/Users/qmk/Desktop/DWM1001/Source_Code/DWM1001_on_board_package/dwm/examples/dwm-simple/../../lib/libdwm.a(dwm.o)
 .text.dwm_systime_us_get
                0x00045d60        0x8 C:/Users/qmk/Desktop/DWM1001/Source_Code/DWM1001_on_board_package/dwm/examples/dwm-simple/../../lib/libdwm.a(dwm.o)
                0x00045d60                dwm_systime_us_get
 .text.dwm_thread_create
                0x00045d68       0x20 C:/Users/qmk/Desktop/DWM1001/Source_Code/DWM1001_on_board_package/dwm/examples/dwm-simple/../../lib/libdwm.a(dwm.o)
                0x00045d68                dwm_thread_create
 .text.dwm_thread_resume
                0x00045d88       0x10 C:/Users/qmk/Desktop/DWM1001/Source_Code/DWM1001_on_board_package/dwm/examples/dwm-simple/../../lib/libdwm.a(dwm.o)
                0x00045d88                dwm_thread_resume
 .text.dwm_i2c_read
                0x00045d98       0x5a C:/Users/qmk/Desktop/DWM1001/Source_Code/DWM1001_on_board_package/dwm/examples/dwm-simple/../../lib/libdwm.a(dwm.o)
                0x00045d98                dwm_i2c_read
 .text.dwm_i2c_write
                0x00045df2       0x5a C:/Users/qmk/Desktop/DWM1001/Source_Code/DWM1001_on_board_package/dwm/examples/dwm-simple/../../lib/libdwm.a(dwm.o)
                0x00045df2                dwm_i2c_write
 .text.dwm_cfg_anchor_set
                0x00045e4c       0x52 C:/Users/qmk/Desktop/DWM1001/Source_Code/DWM1001_on_board_package/dwm/examples/dwm-simple/../../lib/libdwm.a(dwm.o)
                0x00045e4c                dwm_cfg_anchor_set
 .text.dwm_cfg_tag_set
                0x00045e9e       0x66 C:/Users/qmk/Desktop/DWM1001/Source_Code/DWM1001_on_board_package/dwm/examples/dwm-simple/../../lib/libdwm.a(dwm.o)
                0x00045e9e                dwm_cfg_tag_set
 .text.dwm_cfg_get
                0x00045f04       0x72 C:/Users/qmk/Desktop/DWM1001/Source_Code/DWM1001_on_board_package/dwm/examples/dwm-simple/../../lib/libdwm.a(dwm.o)
                0x00045f04                dwm_cfg_get
 .text.dwm_stnry_cfg_set
                0x00045f76       0x1c C:/Users/qmk/Desktop/DWM1001/Source_Code/DWM1001_on_board_package/dwm/examples/dwm-simple/../../lib/libdwm.a(dwm.o)
                0x00045f76                dwm_stnry_cfg_set
 .text.dwm_pos_set
                0x00045f92       0x2e C:/Users/qmk/Desktop/DWM1001/Source_Code/DWM1001_on_board_package/dwm/examples/dwm-simple/../../lib/libdwm.a(dwm.o)
                0x00045f92                dwm_pos_set
 .text.dwm_pos_get
                0x00045fc0       0x36 C:/Users/qmk/Desktop/DWM1001/Source_Code/DWM1001_on_board_package/dwm/examples/dwm-simple/../../lib/libdwm.a(dwm.o)
                0x00045fc0                dwm_pos_get
 .text.dwm_upd_rate_set
                0x00045ff6       0x20 C:/Users/qmk/Desktop/DWM1001/Source_Code/DWM1001_on_board_package/dwm/examples/dwm-simple/../../lib/libdwm.a(dwm.o)
                0x00045ff6                dwm_upd_rate_set
 .text.dwm_upd_rate_get
                0x00046016       0x34 C:/Users/qmk/Desktop/DWM1001/Source_Code/DWM1001_on_board_package/dwm/examples/dwm-simple/../../lib/libdwm.a(dwm.o)
                0x00046016                dwm_upd_rate_get
 .text.dwm_label_read
                0x0004604a       0x38 C:/Users/qmk/Desktop/DWM1001/Source_Code/DWM1001_on_board_package/dwm/examples/dwm-simple/../../lib/libdwm.a(dwm.o)
                0x0004604a                dwm_label_read
 .text.dwm_nvm_usr_data_get
                0x00046082       0x2c C:/Users/qmk/Desktop/DWM1001/Source_Code/DWM1001_on_board_package/dwm/examples/dwm-simple/../../lib/libdwm.a(dwm.o)
                0x00046082                dwm_nvm_usr_data_get
 .text.dwm_nvm_usr_data_set
                0x000460ae       0x22 C:/Users/qmk/Desktop/DWM1001/Source_Code/DWM1001_on_board_package/dwm/examples/dwm-simple/../../lib/libdwm.a(dwm.o)
                0x000460ae                dwm_nvm_usr_data_set
 .text.dwm_evt_listener_register
                0x000460d0       0x20 C:/Users/qmk/Desktop/DWM1001/Source_Code/DWM1001_on_board_package/dwm/examples/dwm-simple/../../lib/libdwm.a(dwm.o)
                0x000460d0                dwm_evt_listener_register
 .text.dwm_evt_wait
                0x000460f0       0x78 C:/Users/qmk/Desktop/DWM1001/Source_Code/DWM1001_on_board_package/dwm/examples/dwm-simple/../../lib/libdwm.a(dwm.o)
                0x000460f0                dwm_evt_wait
 .text.dwm_le_compile
                0x00046168        0x4 C:/Users/qmk/Desktop/DWM1001/Source_Code/DWM1001_on_board_package/dwm/examples/dwm-simple/../../lib/libdwm.a(dwm.o)
                0x00046168                dwm_le_compile
 .text.dwm_serial_spi_compile
                0x0004616c        0x4 C:/Users/qmk/Desktop/DWM1001/Source_Code/DWM1001_on_board_package/dwm/examples/dwm-simple/../../lib/libdwm.a(dwm.o)
                0x0004616c                dwm_serial_spi_compile
 .text.dwm_shell_compile
                0x00046170        0x4 C:/Users/qmk/Desktop/DWM1001/Source_Code/DWM1001_on_board_package/dwm/examples/dwm-simple/../../lib/libdwm.a(dwm.o)
                0x00046170                dwm_shell_compile
 .text.env_get_end
                0x00046174       0x28 C:/Users/qmk/Desktop/DWM1001/Source_Code/DWM1001_on_board_package/dwm/examples/dwm-simple/../../lib/libdwm.a(env-tlv.o)
 .text.env_save
                0x0004619c       0x60 C:/Users/qmk/Desktop/DWM1001/Source_Code/DWM1001_on_board_package/dwm/examples/dwm-simple/../../lib/libdwm.a(env-tlv.o)
                0x0004619c                env_save
 .text.env_load
                0x000461fc       0xe4 C:/Users/qmk/Desktop/DWM1001/Source_Code/DWM1001_on_board_package/dwm/examples/dwm-simple/../../lib/libdwm.a(env-tlv.o)
                0x000461fc                env_load
 .text.env_clear
                0x000462e0       0x48 C:/Users/qmk/Desktop/DWM1001/Source_Code/DWM1001_on_board_package/dwm/examples/dwm-simple/../../lib/libdwm.a(env-tlv.o)
                0x000462e0                env_clear
 .text.env_get  0x00046328       0x30 C:/Users/qmk/Desktop/DWM1001/Source_Code/DWM1001_on_board_package/dwm/examples/dwm-simple/../../lib/libdwm.a(env-tlv.o)
                0x00046328                env_get
 .text.env_set  0x00046358       0xa8 C:/Users/qmk/Desktop/DWM1001/Source_Code/DWM1001_on_board_package/dwm/examples/dwm-simple/../../lib/libdwm.a(env-tlv.o)
                0x00046358                env_set
 .text.fwup_reset
                0x00046400        0x8 C:/Users/qmk/Desktop/DWM1001/Source_Code/DWM1001_on_board_package/dwm/examples/dwm-simple/../../lib/libdwm.a(fwup.o)
                0x00046400                fwup_reset
 .text.fwup_sndr_init
                0x00046408       0x6a C:/Users/qmk/Desktop/DWM1001/Source_Code/DWM1001_on_board_package/dwm/examples/dwm-simple/../../lib/libdwm.a(fwup.o)
                0x00046408                fwup_sndr_init
 .text.fwup_rcvr_in_progress
                0x00046472       0x1a C:/Users/qmk/Desktop/DWM1001/Source_Code/DWM1001_on_board_package/dwm/examples/dwm-simple/../../lib/libdwm.a(fwup.o)
                0x00046472                fwup_rcvr_in_progress
 .text.fwup_rcvr_stop
                0x0004648c       0x16 C:/Users/qmk/Desktop/DWM1001/Source_Code/DWM1001_on_board_package/dwm/examples/dwm-simple/../../lib/libdwm.a(fwup.o)
                0x0004648c                fwup_rcvr_stop
 .text.fwup_rcvr_start
                0x000464a2       0x4c C:/Users/qmk/Desktop/DWM1001/Source_Code/DWM1001_on_board_package/dwm/examples/dwm-simple/../../lib/libdwm.a(fwup.o)
                0x000464a2                fwup_rcvr_start
 .text.fwup_rcvr_rxbuf_space
                0x000464ee       0x12 C:/Users/qmk/Desktop/DWM1001/Source_Code/DWM1001_on_board_package/dwm/examples/dwm-simple/../../lib/libdwm.a(fwup.o)
                0x000464ee                fwup_rcvr_rxbuf_space
 .text.fwup_rcvr_data_handler
                0x00046500       0x60 C:/Users/qmk/Desktop/DWM1001/Source_Code/DWM1001_on_board_package/dwm/examples/dwm-simple/../../lib/libdwm.a(fwup.o)
                0x00046500                fwup_rcvr_data_handler
 .text.fwup_rcvr_data_write
                0x00046560      0x160 C:/Users/qmk/Desktop/DWM1001/Source_Code/DWM1001_on_board_package/dwm/examples/dwm-simple/../../lib/libdwm.a(fwup.o)
                0x00046560                fwup_rcvr_data_write
 .text.fwup_rcvr_is_finished
                0x000466c0       0x36 C:/Users/qmk/Desktop/DWM1001/Source_Code/DWM1001_on_board_package/dwm/examples/dwm-simple/../../lib/libdwm.a(fwup.o)
                0x000466c0                fwup_rcvr_is_finished
 .text.nrf_gpio_pins_toggle
                0x000466f6       0x18 C:/Users/qmk/Desktop/DWM1001/Source_Code/DWM1001_on_board_package/dwm/examples/dwm-simple/../../lib/libdwm.a(hal.o)
 .text.sd_rand_application_bytes_available_get
                0x0004670e        0x4 C:/Users/qmk/Desktop/DWM1001/Source_Code/DWM1001_on_board_package/dwm/examples/dwm-simple/../../lib/libdwm.a(hal.o)
 .text.sd_rand_application_vector_get
                0x00046712        0x4 C:/Users/qmk/Desktop/DWM1001/Source_Code/DWM1001_on_board_package/dwm/examples/dwm-simple/../../lib/libdwm.a(hal.o)
 .text.sd_clock_hfclk_request
                0x00046716        0x4 C:/Users/qmk/Desktop/DWM1001/Source_Code/DWM1001_on_board_package/dwm/examples/dwm-simple/../../lib/libdwm.a(hal.o)
 .text.sd_clock_hfclk_release
                0x0004671a        0x4 C:/Users/qmk/Desktop/DWM1001/Source_Code/DWM1001_on_board_package/dwm/examples/dwm-simple/../../lib/libdwm.a(hal.o)
 .text.sd_app_evt_wait
                0x0004671e        0x4 C:/Users/qmk/Desktop/DWM1001/Source_Code/DWM1001_on_board_package/dwm/examples/dwm-simple/../../lib/libdwm.a(hal.o)
 .text.sd_ecb_block_encrypt
                0x00046722        0x4 C:/Users/qmk/Desktop/DWM1001/Source_Code/DWM1001_on_board_package/dwm/examples/dwm-simple/../../lib/libdwm.a(hal.o)
 .text.sd_temp_get
                0x00046726        0x4 C:/Users/qmk/Desktop/DWM1001/Source_Code/DWM1001_on_board_package/dwm/examples/dwm-simple/../../lib/libdwm.a(hal.o)
 .text._led_dummy
                0x0004672a        0x2 C:/Users/qmk/Desktop/DWM1001/Source_Code/DWM1001_on_board_package/dwm/examples/dwm-simple/../../lib/libdwm.a(hal.o)
 .text._led_orange_on
                0x0004672c        0xe C:/Users/qmk/Desktop/DWM1001/Source_Code/DWM1001_on_board_package/dwm/examples/dwm-simple/../../lib/libdwm.a(hal.o)
 .text._led_orange_off
                0x0004673a        0xe C:/Users/qmk/Desktop/DWM1001/Source_Code/DWM1001_on_board_package/dwm/examples/dwm-simple/../../lib/libdwm.a(hal.o)
 .text._led_orange_toggle
                0x00046748        0x8 C:/Users/qmk/Desktop/DWM1001/Source_Code/DWM1001_on_board_package/dwm/examples/dwm-simple/../../lib/libdwm.a(hal.o)
 .text._led_red_on
                0x00046750        0xe C:/Users/qmk/Desktop/DWM1001/Source_Code/DWM1001_on_board_package/dwm/examples/dwm-simple/../../lib/libdwm.a(hal.o)
 .text._led_red_off
                0x0004675e        0xe C:/Users/qmk/Desktop/DWM1001/Source_Code/DWM1001_on_board_package/dwm/examples/dwm-simple/../../lib/libdwm.a(hal.o)
 .text._led_red_toggle
                0x0004676c        0x8 C:/Users/qmk/Desktop/DWM1001/Source_Code/DWM1001_on_board_package/dwm/examples/dwm-simple/../../lib/libdwm.a(hal.o)
 .text._led_green_on
                0x00046774        0xe C:/Users/qmk/Desktop/DWM1001/Source_Code/DWM1001_on_board_package/dwm/examples/dwm-simple/../../lib/libdwm.a(hal.o)
 .text._led_green_off
                0x00046782        0xe C:/Users/qmk/Desktop/DWM1001/Source_Code/DWM1001_on_board_package/dwm/examples/dwm-simple/../../lib/libdwm.a(hal.o)
 .text._led_green_toggle
                0x00046790        0x8 C:/Users/qmk/Desktop/DWM1001/Source_Code/DWM1001_on_board_package/dwm/examples/dwm-simple/../../lib/libdwm.a(hal.o)
 .text.wdt_handler
                0x00046798        0x2 C:/Users/qmk/Desktop/DWM1001/Source_Code/DWM1001_on_board_package/dwm/examples/dwm-simple/../../lib/libdwm.a(hal.o)
 *fill*         0x0004679a        0x2 
 .text.hal_factory_reset
                0x0004679c       0x30 C:/Users/qmk/Desktop/DWM1001/Source_Code/DWM1001_on_board_package/dwm/examples/dwm-simple/../../lib/libdwm.a(hal.o)
                0x0004679c                hal_factory_reset
 .text.is_user_app_pin
                0x000467cc       0x5c C:/Users/qmk/Desktop/DWM1001/Source_Code/DWM1001_on_board_package/dwm/examples/dwm-simple/../../lib/libdwm.a(hal.o)
                0x000467cc                is_user_app_pin
 .text.hal_sd_enabled
                0x00046828        0x8 C:/Users/qmk/Desktop/DWM1001/Source_Code/DWM1001_on_board_package/dwm/examples/dwm-simple/../../lib/libdwm.a(hal.o)
                0x00046828                hal_sd_enabled
 .text.hal_flash_erase
                0x00046830       0x14 C:/Users/qmk/Desktop/DWM1001/Source_Code/DWM1001_on_board_package/dwm/examples/dwm-simple/../../lib/libdwm.a(hal.o)
                0x00046830                hal_flash_erase
 .text.hal_flash_write_page
                0x00046844        0x6 C:/Users/qmk/Desktop/DWM1001/Source_Code/DWM1001_on_board_package/dwm/examples/dwm-simple/../../lib/libdwm.a(hal.o)
                0x00046844                hal_flash_write_page
 .text.hal_fw_get_chksum
                0x0004684a       0x42 C:/Users/qmk/Desktop/DWM1001/Source_Code/DWM1001_on_board_package/dwm/examples/dwm-simple/../../lib/libdwm.a(hal.o)
                0x0004684a                hal_fw_get_chksum
 .text.hal_fw_is_compat
                0x0004688c       0x10 C:/Users/qmk/Desktop/DWM1001/Source_Code/DWM1001_on_board_package/dwm/examples/dwm-simple/../../lib/libdwm.a(hal.o)
                0x0004688c                hal_fw_is_compat
 .text.hal_time_hfclk_start
                0x0004689c       0x1a C:/Users/qmk/Desktop/DWM1001/Source_Code/DWM1001_on_board_package/dwm/examples/dwm-simple/../../lib/libdwm.a(hal.o)
                0x0004689c                hal_time_hfclk_start
 .text.hal_time_hfclk_stop
                0x000468b6       0x1c C:/Users/qmk/Desktop/DWM1001/Source_Code/DWM1001_on_board_package/dwm/examples/dwm-simple/../../lib/libdwm.a(hal.o)
                0x000468b6                hal_time_hfclk_stop
 *fill*         0x000468d2        0x2 
 .text.hal_wdt_app_init
                0x000468d4       0x10 C:/Users/qmk/Desktop/DWM1001/Source_Code/DWM1001_on_board_package/dwm/examples/dwm-simple/../../lib/libdwm.a(hal.o)
                0x000468d4                hal_wdt_app_init
 .text.hal_wdt_app_reset
                0x000468e4        0x4 C:/Users/qmk/Desktop/DWM1001/Source_Code/DWM1001_on_board_package/dwm/examples/dwm-simple/../../lib/libdwm.a(hal.o)
                0x000468e4                hal_wdt_app_reset
 .text.hal_temp_get
                0x000468e8       0x80 C:/Users/qmk/Desktop/DWM1001/Source_Code/DWM1001_on_board_package/dwm/examples/dwm-simple/../../lib/libdwm.a(hal.o)
                0x000468e8                hal_temp_get
 .text.hal_sleep
                0x00046968       0xe4 C:/Users/qmk/Desktop/DWM1001/Source_Code/DWM1001_on_board_package/dwm/examples/dwm-simple/../../lib/libdwm.a(hal.o)
                0x00046968                hal_sleep
 .text.hal_uptime
                0x00046a4c       0x20 C:/Users/qmk/Desktop/DWM1001/Source_Code/DWM1001_on_board_package/dwm/examples/dwm-simple/../../lib/libdwm.a(hal.o)
                0x00046a4c                hal_uptime
 .text.hal_print_ps
                0x00046a6c       0x80 C:/Users/qmk/Desktop/DWM1001/Source_Code/DWM1001_on_board_package/dwm/examples/dwm-simple/../../lib/libdwm.a(hal.o)
                0x00046a6c                hal_print_ps
 .text.hal_print_free
                0x00046aec       0x50 C:/Users/qmk/Desktop/DWM1001/Source_Code/DWM1001_on_board_package/dwm/examples/dwm-simple/../../lib/libdwm.a(hal.o)
                0x00046aec                hal_print_free
 .text.hal_print_uptime
                0x00046b3c       0xbc C:/Users/qmk/Desktop/DWM1001/Source_Code/DWM1001_on_board_package/dwm/examples/dwm-simple/../../lib/libdwm.a(hal.o)
                0x00046b3c                hal_print_uptime
 .text.hal_print_sys_info
                0x00046bf8      0x130 C:/Users/qmk/Desktop/DWM1001/Source_Code/DWM1001_on_board_package/dwm/examples/dwm-simple/../../lib/libdwm.a(hal.o)
                0x00046bf8                hal_print_sys_info
 .text.hal_critical_region_enter
                0x00046d28       0x58 C:/Users/qmk/Desktop/DWM1001/Source_Code/DWM1001_on_board_package/dwm/examples/dwm-simple/../../lib/libdwm.a(hal.o)
                0x00046d28                hal_critical_region_enter
 .text.hal_critical_region_exit
                0x00046d80       0x38 C:/Users/qmk/Desktop/DWM1001/Source_Code/DWM1001_on_board_package/dwm/examples/dwm-simple/../../lib/libdwm.a(hal.o)
                0x00046d80                hal_critical_region_exit
 .text.leds_enable
                0x00046db8       0xbc C:/Users/qmk/Desktop/DWM1001/Source_Code/DWM1001_on_board_package/dwm/examples/dwm-simple/../../lib/libdwm.a(hal.o)
                0x00046db8                leds_enable
 .text.leds_disable
                0x00046e74       0x74 C:/Users/qmk/Desktop/DWM1001/Source_Code/DWM1001_on_board_package/dwm/examples/dwm-simple/../../lib/libdwm.a(hal.o)
                0x00046e74                leds_disable
 .text.hal_crypto_rng_get
                0x00046ee8       0xa8 C:/Users/qmk/Desktop/DWM1001/Source_Code/DWM1001_on_board_package/dwm/examples/dwm-simple/../../lib/libdwm.a(hal.o)
                0x00046ee8                hal_crypto_rng_get
 .text.hal_crypto_set_key
                0x00046f90       0x60 C:/Users/qmk/Desktop/DWM1001/Source_Code/DWM1001_on_board_package/dwm/examples/dwm-simple/../../lib/libdwm.a(hal.o)
                0x00046f90                hal_crypto_set_key
 .text.hal_crypto_mac_get
                0x00046ff0      0x128 C:/Users/qmk/Desktop/DWM1001/Source_Code/DWM1001_on_board_package/dwm/examples/dwm-simple/../../lib/libdwm.a(hal.o)
                0x00046ff0                hal_crypto_mac_get
 .text.hal_crypto_crypt
                0x00047118       0xc8 C:/Users/qmk/Desktop/DWM1001/Source_Code/DWM1001_on_board_package/dwm/examples/dwm-simple/../../lib/libdwm.a(hal.o)
                0x00047118                hal_crypto_crypt
 .text._read    0x000471e0        0x8 C:/Users/qmk/Desktop/DWM1001/Source_Code/DWM1001_on_board_package/dwm/examples/dwm-simple/../../lib/libdwm.a(hal.o)
                0x000471e0                _read
 .text._write   0x000471e8       0x2a C:/Users/qmk/Desktop/DWM1001/Source_Code/DWM1001_on_board_package/dwm/examples/dwm-simple/../../lib/libdwm.a(hal.o)
                0x000471e8                _write
 *fill*         0x00047212        0x2 
 .text._sbrk    0x00047214       0x2c C:/Users/qmk/Desktop/DWM1001/Source_Code/DWM1001_on_board_package/dwm/examples/dwm-simple/../../lib/libdwm.a(hal.o)
                0x00047214                _sbrk
 .text.rng_isr  0x00047240       0x14 C:/Users/qmk/Desktop/DWM1001/Source_Code/DWM1001_on_board_package/dwm/examples/dwm-simple/../../lib/libdwm.a(nrf_drv_rng.o)
 .text.rng_start
                0x00047254       0x38 C:/Users/qmk/Desktop/DWM1001/Source_Code/DWM1001_on_board_package/dwm/examples/dwm-simple/../../lib/libdwm.a(nrf_drv_rng.o)
 .text.nrf_drv_rng_init
                0x0004728c       0x98 C:/Users/qmk/Desktop/DWM1001/Source_Code/DWM1001_on_board_package/dwm/examples/dwm-simple/../../lib/libdwm.a(nrf_drv_rng.o)
                0x0004728c                nrf_drv_rng_init
 .text.nrf_drv_rng_bytes_available
                0x00047324       0x14 C:/Users/qmk/Desktop/DWM1001/Source_Code/DWM1001_on_board_package/dwm/examples/dwm-simple/../../lib/libdwm.a(nrf_drv_rng.o)
                0x00047324                nrf_drv_rng_bytes_available
 .text.nrf_drv_rng_rand
                0x00047338       0x3c C:/Users/qmk/Desktop/DWM1001/Source_Code/DWM1001_on_board_package/dwm/examples/dwm-simple/../../lib/libdwm.a(nrf_drv_rng.o)
                0x00047338                nrf_drv_rng_rand
 .text.RNG_IRQHandler
                0x00047374       0x54 C:/Users/qmk/Desktop/DWM1001/Source_Code/DWM1001_on_board_package/dwm/examples/dwm-simple/../../lib/libdwm.a(nrf_drv_rng.o)
                0x00047374                RNG_IRQHandler
 .text.rng_dsr  0x000473c8       0x10 C:/Users/qmk/Desktop/DWM1001/Source_Code/DWM1001_on_board_package/dwm/examples/dwm-simple/../../lib/libdwm.a(nrf_drv_rng.o)
 .text.pm_can_sleep
                0x000473d8       0x44 C:/Users/qmk/Desktop/DWM1001/Source_Code/DWM1001_on_board_package/dwm/examples/dwm-simple/../../lib/libdwm.a(pm.o)
                0x000473d8                pm_can_sleep
 .text.pm_task_get_next
                0x0004741c       0x54 C:/Users/qmk/Desktop/DWM1001/Source_Code/DWM1001_on_board_package/dwm/examples/dwm-simple/../../lib/libdwm.a(pm.o)
                0x0004741c                pm_task_get_next
 .text.pm_sched_signal
                0x00047470        0xc C:/Users/qmk/Desktop/DWM1001/Source_Code/DWM1001_on_board_package/dwm/examples/dwm-simple/../../lib/libdwm.a(pm.o)
                0x00047470                pm_sched_signal
 .text.pm_sched_wait
                0x0004747c        0xc C:/Users/qmk/Desktop/DWM1001/Source_Code/DWM1001_on_board_package/dwm/examples/dwm-simple/../../lib/libdwm.a(pm.o)
                0x0004747c                pm_sched_wait
 .text.pm_task_lock
                0x00047488       0x26 C:/Users/qmk/Desktop/DWM1001/Source_Code/DWM1001_on_board_package/dwm/examples/dwm-simple/../../lib/libdwm.a(pm.o)
                0x00047488                pm_task_lock
 .text.pm_task_unlock
                0x000474ae       0x2c C:/Users/qmk/Desktop/DWM1001/Source_Code/DWM1001_on_board_package/dwm/examples/dwm-simple/../../lib/libdwm.a(pm.o)
                0x000474ae                pm_task_unlock
 *fill*         0x000474da        0x2 
 .text.pm_task_unlock_set_alarm
                0x000474dc       0x98 C:/Users/qmk/Desktop/DWM1001/Source_Code/DWM1001_on_board_package/dwm/examples/dwm-simple/../../lib/libdwm.a(pm.o)
                0x000474dc                pm_task_unlock_set_alarm
 .text.pm_task_wakeup
                0x00047574        0x4 C:/Users/qmk/Desktop/DWM1001/Source_Code/DWM1001_on_board_package/dwm/examples/dwm-simple/../../lib/libdwm.a(pm.o)
                0x00047574                pm_task_wakeup
 .text.pm_task_alloc
                0x00047578       0x64 C:/Users/qmk/Desktop/DWM1001/Source_Code/DWM1001_on_board_package/dwm/examples/dwm-simple/../../lib/libdwm.a(pm.o)
                0x00047578                pm_task_alloc
 .text.pm_task_free
                0x000475dc       0x58 C:/Users/qmk/Desktop/DWM1001/Source_Code/DWM1001_on_board_package/dwm/examples/dwm-simple/../../lib/libdwm.a(pm.o)
                0x000475dc                pm_task_free
 .text.pm_init  0x00047634       0x54 C:/Users/qmk/Desktop/DWM1001/Source_Code/DWM1001_on_board_package/dwm/examples/dwm-simple/../../lib/libdwm.a(pm.o)
                0x00047634                pm_init
 .text.pm_dump  0x00047688       0x84 C:/Users/qmk/Desktop/DWM1001/Source_Code/DWM1001_on_board_package/dwm/examples/dwm-simple/../../lib/libdwm.a(pm.o)
                0x00047688                pm_dump
 .text.api_thread_start
                0x0004770c       0x10 C:/Users/qmk/Desktop/DWM1001/Source_Code/DWM1001_on_board_package/dwm/examples/dwm-simple/../../lib/libdwm.a(process-api.o)
                0x0004770c                api_thread_start
 .text.api_thread_init
                0x0004771c       0x3c C:/Users/qmk/Desktop/DWM1001/Source_Code/DWM1001_on_board_package/dwm/examples/dwm-simple/../../lib/libdwm.a(process-api.o)
                0x0004771c                api_thread_init
 .text.ble_init_ready
                0x00047758        0xc C:/Users/qmk/Desktop/DWM1001/Source_Code/DWM1001_on_board_package/dwm/examples/dwm-simple/../../lib/libdwm.a(process-ble.o)
                0x00047758                ble_init_ready
 .text.le_print_disable
                0x00047764       0x10 C:/Users/qmk/Desktop/DWM1001/Source_Code/DWM1001_on_board_package/dwm/examples/dwm-simple/../../lib/libdwm.a(process-le.o)
 .text.nole_thread_entry
                0x00047774      0x2a8 C:/Users/qmk/Desktop/DWM1001/Source_Code/DWM1001_on_board_package/dwm/examples/dwm-simple/../../lib/libdwm.a(process-le.o)
 *fill*         0x00047a1c        0x4 
 .text.le_thread_entry
                0x00047a20      0x48c C:/Users/qmk/Desktop/DWM1001/Source_Code/DWM1001_on_board_package/dwm/examples/dwm-simple/../../lib/libdwm.a(process-le.o)
 .text.le_post_loc_data
                0x00047eac       0x60 C:/Users/qmk/Desktop/DWM1001/Source_Code/DWM1001_on_board_package/dwm/examples/dwm-simple/../../lib/libdwm.a(process-le.o)
                0x00047eac                le_post_loc_data
 .text.le_init  0x00047f0c       0x7c C:/Users/qmk/Desktop/DWM1001/Source_Code/DWM1001_on_board_package/dwm/examples/dwm-simple/../../lib/libdwm.a(process-le.o)
                0x00047f0c                le_init
 .text.le_start
                0x00047f88       0x18 C:/Users/qmk/Desktop/DWM1001/Source_Code/DWM1001_on_board_package/dwm/examples/dwm-simple/../../lib/libdwm.a(process-le.o)
                0x00047f88                le_start
 .text.le_post_meas
                0x00047fa0       0x78 C:/Users/qmk/Desktop/DWM1001/Source_Code/DWM1001_on_board_package/dwm/examples/dwm-simple/../../lib/libdwm.a(process-le.o)
                0x00047fa0                le_post_meas
 .text.le_pos_get
                0x00048018       0x64 C:/Users/qmk/Desktop/DWM1001/Source_Code/DWM1001_on_board_package/dwm/examples/dwm-simple/../../lib/libdwm.a(process-le.o)
                0x00048018                le_pos_get
 .text.le_loc_get
                0x0004807c      0x104 C:/Users/qmk/Desktop/DWM1001/Source_Code/DWM1001_on_board_package/dwm/examples/dwm-simple/../../lib/libdwm.a(process-le.o)
                0x0004807c                le_loc_get
 .text.le_loc_print_toggle
                0x00048180       0x28 C:/Users/qmk/Desktop/DWM1001/Source_Code/DWM1001_on_board_package/dwm/examples/dwm-simple/../../lib/libdwm.a(process-le.o)
                0x00048180                le_loc_print_toggle
 .text.le_loc_ts_print_toggle
                0x000481a8       0x24 C:/Users/qmk/Desktop/DWM1001/Source_Code/DWM1001_on_board_package/dwm/examples/dwm-simple/../../lib/libdwm.a(process-le.o)
                0x000481a8                le_loc_ts_print_toggle
 .text.le_loc_csv_print_toggle
                0x000481cc       0x28 C:/Users/qmk/Desktop/DWM1001/Source_Code/DWM1001_on_board_package/dwm/examples/dwm-simple/../../lib/libdwm.a(process-le.o)
                0x000481cc                le_loc_csv_print_toggle
 .text.le_loc_csv_ts_print_toggle
                0x000481f4       0x28 C:/Users/qmk/Desktop/DWM1001/Source_Code/DWM1001_on_board_package/dwm/examples/dwm-simple/../../lib/libdwm.a(process-le.o)
                0x000481f4                le_loc_csv_ts_print_toggle
 .text.le_pos_csv_print_toggle
                0x0004821c       0x24 C:/Users/qmk/Desktop/DWM1001/Source_Code/DWM1001_on_board_package/dwm/examples/dwm-simple/../../lib/libdwm.a(process-le.o)
                0x0004821c                le_pos_csv_print_toggle
 .text.le_compile
                0x00048240       0x18 C:/Users/qmk/Desktop/DWM1001/Source_Code/DWM1001_on_board_package/dwm/examples/dwm-simple/../../lib/libdwm.a(process-le.o)
                0x00048240                le_compile
 .text.pm_thread_entry
                0x00048258       0x98 C:/Users/qmk/Desktop/DWM1001/Source_Code/DWM1001_on_board_package/dwm/examples/dwm-simple/../../lib/libdwm.a(process-pm.o)
 .text.hal_pm_init
                0x000482f0       0x70 C:/Users/qmk/Desktop/DWM1001/Source_Code/DWM1001_on_board_package/dwm/examples/dwm-simple/../../lib/libdwm.a(process-pm.o)
                0x000482f0                hal_pm_init
 .text.hal_pm_start
                0x00048360        0xc C:/Users/qmk/Desktop/DWM1001/Source_Code/DWM1001_on_board_package/dwm/examples/dwm-simple/../../lib/libdwm.a(process-pm.o)
                0x00048360                hal_pm_start
 .text.uwb0_recover.part.0
                0x0004836c       0x1c C:/Users/qmk/Desktop/DWM1001/Source_Code/DWM1001_on_board_package/dwm/examples/dwm-simple/../../lib/libdwm.a(process-svc.o)
 .text.svc_thread_entry
                0x00048388      0x2b0 C:/Users/qmk/Desktop/DWM1001/Source_Code/DWM1001_on_board_package/dwm/examples/dwm-simple/../../lib/libdwm.a(process-svc.o)
 .text.svc_init
                0x00048638       0x3c C:/Users/qmk/Desktop/DWM1001/Source_Code/DWM1001_on_board_package/dwm/examples/dwm-simple/../../lib/libdwm.a(process-svc.o)
                0x00048638                svc_init
 .text.svc_start
                0x00048674        0xc C:/Users/qmk/Desktop/DWM1001/Source_Code/DWM1001_on_board_package/dwm/examples/dwm-simple/../../lib/libdwm.a(process-svc.o)
                0x00048674                svc_start
 .text.svc_post_event
                0x00048680       0x64 C:/Users/qmk/Desktop/DWM1001/Source_Code/DWM1001_on_board_package/dwm/examples/dwm-simple/../../lib/libdwm.a(process-svc.o)
                0x00048680                svc_post_event
 .text.svc_suspend
                0x000486e4       0x30 C:/Users/qmk/Desktop/DWM1001/Source_Code/DWM1001_on_board_package/dwm/examples/dwm-simple/../../lib/libdwm.a(process-svc.o)
                0x000486e4                svc_suspend
 .text.svc_resume
                0x00048714       0x28 C:/Users/qmk/Desktop/DWM1001/Source_Code/DWM1001_on_board_package/dwm/examples/dwm-simple/../../lib/libdwm.a(process-svc.o)
                0x00048714                svc_resume
 .text.uwbmac_wkr_thread_entry
                0x0004873c       0x1c C:/Users/qmk/Desktop/DWM1001/Source_Code/DWM1001_on_board_package/dwm/examples/dwm-simple/../../lib/libdwm.a(process-uwbmac.o)
 .text.uwbmac_thread_entry
                0x00048758      0x12c C:/Users/qmk/Desktop/DWM1001/Source_Code/DWM1001_on_board_package/dwm/examples/dwm-simple/../../lib/libdwm.a(process-uwbmac.o)
 .text.uwbmac_init
                0x00048884       0x6c C:/Users/qmk/Desktop/DWM1001/Source_Code/DWM1001_on_board_package/dwm/examples/dwm-simple/../../lib/libdwm.a(process-uwbmac.o)
                0x00048884                uwbmac_init
 .text.uwbmac_start
                0x000488f0       0x18 C:/Users/qmk/Desktop/DWM1001/Source_Code/DWM1001_on_board_package/dwm/examples/dwm-simple/../../lib/libdwm.a(process-uwbmac.o)
                0x000488f0                uwbmac_start
 .text.dw_intr  0x00048908        0xc C:/Users/qmk/Desktop/DWM1001/Source_Code/DWM1001_on_board_package/dwm/examples/dwm-simple/../../lib/libdwm.a(process-uwb.o)
                0x00048908                dw_intr
 .text.uwb_init_uwb0
                0x00048914      0x42c C:/Users/qmk/Desktop/DWM1001/Source_Code/DWM1001_on_board_package/dwm/examples/dwm-simple/../../lib/libdwm.a(process-uwb.o)
                0x00048914                uwb_init_uwb0
 .text.uwb_thread_entry
                0x00048d40       0xac C:/Users/qmk/Desktop/DWM1001/Source_Code/DWM1001_on_board_package/dwm/examples/dwm-simple/../../lib/libdwm.a(process-uwb.o)
 .text.uwb_init
                0x00048dec       0x3c C:/Users/qmk/Desktop/DWM1001/Source_Code/DWM1001_on_board_package/dwm/examples/dwm-simple/../../lib/libdwm.a(process-uwb.o)
                0x00048dec                uwb_init
 .text.uwb_start
                0x00048e28        0xc C:/Users/qmk/Desktop/DWM1001/Source_Code/DWM1001_on_board_package/dwm/examples/dwm-simple/../../lib/libdwm.a(process-uwb.o)
                0x00048e28                uwb_start
 .text.uwb_init_ready_await
                0x00048e34       0x18 C:/Users/qmk/Desktop/DWM1001/Source_Code/DWM1001_on_board_package/dwm/examples/dwm-simple/../../lib/libdwm.a(process-uwb.o)
                0x00048e34                uwb_init_ready_await
 .text.uart_timeout_handler
                0x00048e4c       0x10 C:/Users/qmk/Desktop/DWM1001/Source_Code/DWM1001_on_board_package/dwm/examples/dwm-simple/../../lib/libdwm.a(serial.o)
 .text.uart_init
                0x00048e5c       0x10 C:/Users/qmk/Desktop/DWM1001/Source_Code/DWM1001_on_board_package/dwm/examples/dwm-simple/../../lib/libdwm.a(serial.o)
 .text.spis_gpio_set
                0x00048e6c       0x20 C:/Users/qmk/Desktop/DWM1001/Source_Code/DWM1001_on_board_package/dwm/examples/dwm-simple/../../lib/libdwm.a(serial.o)
 .text.spis_init
                0x00048e8c       0x10 C:/Users/qmk/Desktop/DWM1001/Source_Code/DWM1001_on_board_package/dwm/examples/dwm-simple/../../lib/libdwm.a(serial.o)
 .text.pm_serial_suspend
                0x00048e9c       0x58 C:/Users/qmk/Desktop/DWM1001/Source_Code/DWM1001_on_board_package/dwm/examples/dwm-simple/../../lib/libdwm.a(serial.o)
 .text.gpio_wakeup_intr
                0x00048ef4        0xc C:/Users/qmk/Desktop/DWM1001/Source_Code/DWM1001_on_board_package/dwm/examples/dwm-simple/../../lib/libdwm.a(serial.o)
 .text._serial_status_change_ntfy
                0x00048f00       0x3c C:/Users/qmk/Desktop/DWM1001/Source_Code/DWM1001_on_board_package/dwm/examples/dwm-simple/../../lib/libdwm.a(serial.o)
 .text._serial_start
                0x00048f3c       0x1c C:/Users/qmk/Desktop/DWM1001/Source_Code/DWM1001_on_board_package/dwm/examples/dwm-simple/../../lib/libdwm.a(serial.o)
 .text._on_spis_evt
                0x00048f58       0x78 C:/Users/qmk/Desktop/DWM1001/Source_Code/DWM1001_on_board_package/dwm/examples/dwm-simple/../../lib/libdwm.a(serial.o)
 .text.spis_api_cb
                0x00048fd0       0x60 C:/Users/qmk/Desktop/DWM1001/Source_Code/DWM1001_on_board_package/dwm/examples/dwm-simple/../../lib/libdwm.a(serial.o)
 .text._spis_init
                0x00049030       0x2c C:/Users/qmk/Desktop/DWM1001/Source_Code/DWM1001_on_board_package/dwm/examples/dwm-simple/../../lib/libdwm.a(serial.o)
 .text._serial_sleep
                0x0004905c       0x1c C:/Users/qmk/Desktop/DWM1001/Source_Code/DWM1001_on_board_package/dwm/examples/dwm-simple/../../lib/libdwm.a(serial.o)
 .text.spis_event_handler
                0x00049078      0x1d0 C:/Users/qmk/Desktop/DWM1001/Source_Code/DWM1001_on_board_package/dwm/examples/dwm-simple/../../lib/libdwm.a(serial.o)
 .text.serial_sleep
                0x00049248       0x10 C:/Users/qmk/Desktop/DWM1001/Source_Code/DWM1001_on_board_package/dwm/examples/dwm-simple/../../lib/libdwm.a(serial.o)
                0x00049248                serial_sleep
 .text.serial_uart_reinit
                0x00049258       0x10 C:/Users/qmk/Desktop/DWM1001/Source_Code/DWM1001_on_board_package/dwm/examples/dwm-simple/../../lib/libdwm.a(serial.o)
                0x00049258                serial_uart_reinit
 .text.serial_status_change_ntfy
                0x00049268       0x10 C:/Users/qmk/Desktop/DWM1001/Source_Code/DWM1001_on_board_package/dwm/examples/dwm-simple/../../lib/libdwm.a(serial.o)
                0x00049268                serial_status_change_ntfy
 .text.serial_thread_entry
                0x00049278      0x168 C:/Users/qmk/Desktop/DWM1001/Source_Code/DWM1001_on_board_package/dwm/examples/dwm-simple/../../lib/libdwm.a(serial.o)
                0x00049278                serial_thread_entry
 .text.serial_start
                0x000493e0       0x10 C:/Users/qmk/Desktop/DWM1001/Source_Code/DWM1001_on_board_package/dwm/examples/dwm-simple/../../lib/libdwm.a(serial.o)
                0x000493e0                serial_start
 .text.serial_compile_spi
                0x000493f0       0x58 C:/Users/qmk/Desktop/DWM1001/Source_Code/DWM1001_on_board_package/dwm/examples/dwm-simple/../../lib/libdwm.a(serial.o)
                0x000493f0                serial_compile_spi
 .text.serial_is_uart_compiled
                0x00049448        0xc C:/Users/qmk/Desktop/DWM1001/Source_Code/DWM1001_on_board_package/dwm/examples/dwm-simple/../../lib/libdwm.a(serial.o)
                0x00049448                serial_is_uart_compiled
 .text.serial_is_compiled
                0x00049454        0xc C:/Users/qmk/Desktop/DWM1001/Source_Code/DWM1001_on_board_package/dwm/examples/dwm-simple/../../lib/libdwm.a(serial.o)
                0x00049454                serial_is_compiled
 .text.cmd_enc_key_clear
                0x00049460       0x34 C:/Users/qmk/Desktop/DWM1001/Source_Code/DWM1001_on_board_package/dwm/examples/dwm-simple/../../lib/libdwm.a(shell-api.o)
                0x00049460                cmd_enc_key_clear
 .text.cmd_nvm_usr_data_clear
                0x00049494       0x38 C:/Users/qmk/Desktop/DWM1001/Source_Code/DWM1001_on_board_package/dwm/examples/dwm-simple/../../lib/libdwm.a(shell-api.o)
 .text.cmd_nvm_usr_data_set
                0x000494cc       0xb8 C:/Users/qmk/Desktop/DWM1001/Source_Code/DWM1001_on_board_package/dwm/examples/dwm-simple/../../lib/libdwm.a(shell-api.o)
 .text.cmd_tlv  0x00049584       0xb0 C:/Users/qmk/Desktop/DWM1001/Source_Code/DWM1001_on_board_package/dwm/examples/dwm-simple/../../lib/libdwm.a(shell-api.o)
 .text.api_cb   0x00049634       0x44 C:/Users/qmk/Desktop/DWM1001/Source_Code/DWM1001_on_board_package/dwm/examples/dwm-simple/../../lib/libdwm.a(shell-api.o)
 .text.cmd_enc_key_set
                0x00049678       0x94 C:/Users/qmk/Desktop/DWM1001/Source_Code/DWM1001_on_board_package/dwm/examples/dwm-simple/../../lib/libdwm.a(shell-api.o)
                0x00049678                cmd_enc_key_set
 .text.cmd_nvm_usr_data_get
                0x0004970c       0x64 C:/Users/qmk/Desktop/DWM1001/Source_Code/DWM1001_on_board_package/dwm/examples/dwm-simple/../../lib/libdwm.a(shell-api.o)
 .text.cmd_cfg_tn_set
                0x00049770      0x120 C:/Users/qmk/Desktop/DWM1001/Source_Code/DWM1001_on_board_package/dwm/examples/dwm-simple/../../lib/libdwm.a(shell-api.o)
 .text.cmd_cfg_an_set
                0x00049890       0xf4 C:/Users/qmk/Desktop/DWM1001/Source_Code/DWM1001_on_board_package/dwm/examples/dwm-simple/../../lib/libdwm.a(shell-api.o)
 .text.cmd_pos_set
                0x00049984       0x88 C:/Users/qmk/Desktop/DWM1001/Source_Code/DWM1001_on_board_package/dwm/examples/dwm-simple/../../lib/libdwm.a(shell-api.o)
 .text.cmd_pos_get
                0x00049a0c       0x48 C:/Users/qmk/Desktop/DWM1001/Source_Code/DWM1001_on_board_package/dwm/examples/dwm-simple/../../lib/libdwm.a(shell-api.o)
 .text.cmd_ur_get
                0x00049a54       0x4c C:/Users/qmk/Desktop/DWM1001/Source_Code/DWM1001_on_board_package/dwm/examples/dwm-simple/../../lib/libdwm.a(shell-api.o)
 .text.cmd_ur_set
                0x00049aa0       0x7c C:/Users/qmk/Desktop/DWM1001/Source_Code/DWM1001_on_board_package/dwm/examples/dwm-simple/../../lib/libdwm.a(shell-api.o)
 .text.cmd_le_show_loc
                0x00049b1c       0x2c C:/Users/qmk/Desktop/DWM1001/Source_Code/DWM1001_on_board_package/dwm/examples/dwm-simple/../../lib/libdwm.a(shell-le.o)
                0x00049b1c                cmd_le_show_loc
 .text.cmd_le_show_loc_csv
                0x00049b48       0x2c C:/Users/qmk/Desktop/DWM1001/Source_Code/DWM1001_on_board_package/dwm/examples/dwm-simple/../../lib/libdwm.a(shell-le.o)
                0x00049b48                cmd_le_show_loc_csv
 .text.cmd_le_show_pos_csv
                0x00049b74        0x4 C:/Users/qmk/Desktop/DWM1001/Source_Code/DWM1001_on_board_package/dwm/examples/dwm-simple/../../lib/libdwm.a(shell-le.o)
                0x00049b74                cmd_le_show_pos_csv
 .text._shell_stop
                0x00049b78        0xc C:/Users/qmk/Desktop/DWM1001/Source_Code/DWM1001_on_board_package/dwm/examples/dwm-simple/../../lib/libdwm.a(shell.o)
 .text._shell_add_cmds
                0x00049b84       0x24 C:/Users/qmk/Desktop/DWM1001/Source_Code/DWM1001_on_board_package/dwm/examples/dwm-simple/../../lib/libdwm.a(shell.o)
 .text._get_argc
                0x00049ba8       0x1c C:/Users/qmk/Desktop/DWM1001/Source_Code/DWM1001_on_board_package/dwm/examples/dwm-simple/../../lib/libdwm.a(shell.o)
 .text._shell_get_arg
                0x00049bc4       0x14 C:/Users/qmk/Desktop/DWM1001/Source_Code/DWM1001_on_board_package/dwm/examples/dwm-simple/../../lib/libdwm.a(shell.o)
 .text._shell_set_init_print
                0x00049bd8        0xc C:/Users/qmk/Desktop/DWM1001/Source_Code/DWM1001_on_board_package/dwm/examples/dwm-simple/../../lib/libdwm.a(shell.o)
 .text._shell_show_hidden
                0x00049be4        0xc C:/Users/qmk/Desktop/DWM1001/Source_Code/DWM1001_on_board_package/dwm/examples/dwm-simple/../../lib/libdwm.a(shell.o)
 .text._shell_init_ready_await
                0x00049bf0       0x18 C:/Users/qmk/Desktop/DWM1001/Source_Code/DWM1001_on_board_package/dwm/examples/dwm-simple/../../lib/libdwm.a(shell.o)
 .text.shell_init_print_fnc
                0x00049c08        0xc C:/Users/qmk/Desktop/DWM1001/Source_Code/DWM1001_on_board_package/dwm/examples/dwm-simple/../../lib/libdwm.a(shell.o)
 .text._shell_print_hex
                0x00049c14       0x48 C:/Users/qmk/Desktop/DWM1001/Source_Code/DWM1001_on_board_package/dwm/examples/dwm-simple/../../lib/libdwm.a(shell.o)
 .text._shell_get_arg_int
                0x00049c5c       0x4c C:/Users/qmk/Desktop/DWM1001/Source_Code/DWM1001_on_board_package/dwm/examples/dwm-simple/../../lib/libdwm.a(shell.o)
 .text._shell_start
                0x00049ca8        0x4 C:/Users/qmk/Desktop/DWM1001/Source_Code/DWM1001_on_board_package/dwm/examples/dwm-simple/../../lib/libdwm.a(shell.o)
 .text._shell_uninit
                0x00049cac       0x3c C:/Users/qmk/Desktop/DWM1001/Source_Code/DWM1001_on_board_package/dwm/examples/dwm-simple/../../lib/libdwm.a(shell.o)
 .text._shell_init
                0x00049ce8       0x44 C:/Users/qmk/Desktop/DWM1001/Source_Code/DWM1001_on_board_package/dwm/examples/dwm-simple/../../lib/libdwm.a(shell.o)
 .text.shell_fsm_entry
                0x00049d2c      0x29c C:/Users/qmk/Desktop/DWM1001/Source_Code/DWM1001_on_board_package/dwm/examples/dwm-simple/../../lib/libdwm.a(shell.o)
 .text.shell_thread_entry
                0x00049fc8       0x88 C:/Users/qmk/Desktop/DWM1001/Source_Code/DWM1001_on_board_package/dwm/examples/dwm-simple/../../lib/libdwm.a(shell.o)
                0x00049fc8                shell_thread_entry
 .text.dwm_shell_init
                0x0004a050       0x10 C:/Users/qmk/Desktop/DWM1001/Source_Code/DWM1001_on_board_package/dwm/examples/dwm-simple/../../lib/libdwm.a(shell.o)
                0x0004a050                dwm_shell_init
 .text.shell_init
                0x0004a060       0x10 C:/Users/qmk/Desktop/DWM1001/Source_Code/DWM1001_on_board_package/dwm/examples/dwm-simple/../../lib/libdwm.a(shell.o)
                0x0004a060                shell_init
 .text.shell_uninit
                0x0004a070       0x10 C:/Users/qmk/Desktop/DWM1001/Source_Code/DWM1001_on_board_package/dwm/examples/dwm-simple/../../lib/libdwm.a(shell.o)
                0x0004a070                shell_uninit
 .text._shell_delete_if_unused
                0x0004a080       0x2c C:/Users/qmk/Desktop/DWM1001/Source_Code/DWM1001_on_board_package/dwm/examples/dwm-simple/../../lib/libdwm.a(shell.o)
 .text.shell_start
                0x0004a0ac       0x10 C:/Users/qmk/Desktop/DWM1001/Source_Code/DWM1001_on_board_package/dwm/examples/dwm-simple/../../lib/libdwm.a(shell.o)
                0x0004a0ac                shell_start
 .text.shell_stop
                0x0004a0bc       0x10 C:/Users/qmk/Desktop/DWM1001/Source_Code/DWM1001_on_board_package/dwm/examples/dwm-simple/../../lib/libdwm.a(shell.o)
                0x0004a0bc                shell_stop
 .text.shell_quit
                0x0004a0cc       0x14 C:/Users/qmk/Desktop/DWM1001/Source_Code/DWM1001_on_board_package/dwm/examples/dwm-simple/../../lib/libdwm.a(shell.o)
 .text.shell_delete_if_unused
                0x0004a0e0       0x10 C:/Users/qmk/Desktop/DWM1001/Source_Code/DWM1001_on_board_package/dwm/examples/dwm-simple/../../lib/libdwm.a(shell.o)
                0x0004a0e0                shell_delete_if_unused
 .text.shell_add_cmds
                0x0004a0f0       0x10 C:/Users/qmk/Desktop/DWM1001/Source_Code/DWM1001_on_board_package/dwm/examples/dwm-simple/../../lib/libdwm.a(shell.o)
                0x0004a0f0                shell_add_cmds
 .text.get_argc
                0x0004a100       0x10 C:/Users/qmk/Desktop/DWM1001/Source_Code/DWM1001_on_board_package/dwm/examples/dwm-simple/../../lib/libdwm.a(shell.o)
                0x0004a100                get_argc
 .text.shell_get_arg
                0x0004a110       0x10 C:/Users/qmk/Desktop/DWM1001/Source_Code/DWM1001_on_board_package/dwm/examples/dwm-simple/../../lib/libdwm.a(shell.o)
                0x0004a110                shell_get_arg
 .text._get_argv
                0x0004a120        0x4 C:/Users/qmk/Desktop/DWM1001/Source_Code/DWM1001_on_board_package/dwm/examples/dwm-simple/../../lib/libdwm.a(shell.o)
 .text.shell_get_arg_int
                0x0004a124       0x10 C:/Users/qmk/Desktop/DWM1001/Source_Code/DWM1001_on_board_package/dwm/examples/dwm-simple/../../lib/libdwm.a(shell.o)
                0x0004a124                shell_get_arg_int
 .text.shell_set_init_print
                0x0004a134       0x10 C:/Users/qmk/Desktop/DWM1001/Source_Code/DWM1001_on_board_package/dwm/examples/dwm-simple/../../lib/libdwm.a(shell.o)
                0x0004a134                shell_set_init_print
 .text._dwm_shell_init
                0x0004a144       0x70 C:/Users/qmk/Desktop/DWM1001/Source_Code/DWM1001_on_board_package/dwm/examples/dwm-simple/../../lib/libdwm.a(shell.o)
                0x0004a144                _dwm_shell_init
 .text.shell_show_hidden
                0x0004a1b4       0x10 C:/Users/qmk/Desktop/DWM1001/Source_Code/DWM1001_on_board_package/dwm/examples/dwm-simple/../../lib/libdwm.a(shell.o)
                0x0004a1b4                shell_show_hidden
 .text.shell_help
                0x0004a1c4       0xa8 C:/Users/qmk/Desktop/DWM1001/Source_Code/DWM1001_on_board_package/dwm/examples/dwm-simple/../../lib/libdwm.a(shell.o)
 .text.shell_show_hidden_enabled
                0x0004a26c       0x14 C:/Users/qmk/Desktop/DWM1001/Source_Code/DWM1001_on_board_package/dwm/examples/dwm-simple/../../lib/libdwm.a(shell.o)
                0x0004a26c                shell_show_hidden_enabled
 .text.shell_is_compiled
                0x0004a280        0xc C:/Users/qmk/Desktop/DWM1001/Source_Code/DWM1001_on_board_package/dwm/examples/dwm-simple/../../lib/libdwm.a(shell.o)
                0x0004a280                shell_is_compiled
 .text.shell_compile
                0x0004a28c       0xe0 C:/Users/qmk/Desktop/DWM1001/Source_Code/DWM1001_on_board_package/dwm/examples/dwm-simple/../../lib/libdwm.a(shell.o)
                0x0004a28c                shell_compile
 .text.cmd_twi  0x0004a36c       0xc4 C:/Users/qmk/Desktop/DWM1001/Source_Code/DWM1001_on_board_package/dwm/examples/dwm-simple/../../lib/libdwm.a(shell-sens.o)
                0x0004a36c                cmd_twi
 .text.cmd_stnry_cfg_get
                0x0004a430       0x2c C:/Users/qmk/Desktop/DWM1001/Source_Code/DWM1001_on_board_package/dwm/examples/dwm-simple/../../lib/libdwm.a(shell-sens.o)
                0x0004a430                cmd_stnry_cfg_get
 .text.cmd_acc_xyz
                0x0004a45c       0x48 C:/Users/qmk/Desktop/DWM1001/Source_Code/DWM1001_on_board_package/dwm/examples/dwm-simple/../../lib/libdwm.a(shell-sens.o)
 .text.cmd_acc_id
                0x0004a4a4       0x24 C:/Users/qmk/Desktop/DWM1001/Source_Code/DWM1001_on_board_package/dwm/examples/dwm-simple/../../lib/libdwm.a(shell-sens.o)
 .text.cmd_stnry_cfg_set
                0x0004a4c8       0x60 C:/Users/qmk/Desktop/DWM1001/Source_Code/DWM1001_on_board_package/dwm/examples/dwm-simple/../../lib/libdwm.a(shell-sens.o)
                0x0004a4c8                cmd_stnry_cfg_set
 .text.NVIC_SystemReset
                0x0004a528       0x24 C:/Users/qmk/Desktop/DWM1001/Source_Code/DWM1001_on_board_package/dwm/examples/dwm-simple/../../lib/libdwm.a(shell-sys.o)
 .text.cmd_reset
                0x0004a54c        0x6 C:/Users/qmk/Desktop/DWM1001/Source_Code/DWM1001_on_board_package/dwm/examples/dwm-simple/../../lib/libdwm.a(shell-sys.o)
                0x0004a54c                cmd_reset
 .text.cmd_free
                0x0004a552        0x4 C:/Users/qmk/Desktop/DWM1001/Source_Code/DWM1001_on_board_package/dwm/examples/dwm-simple/../../lib/libdwm.a(shell-sys.o)
                0x0004a552                cmd_free
 .text.cmd_ps   0x0004a556        0x4 C:/Users/qmk/Desktop/DWM1001/Source_Code/DWM1001_on_board_package/dwm/examples/dwm-simple/../../lib/libdwm.a(shell-sys.o)
                0x0004a556                cmd_ps
 .text.cmd_pm_show
                0x0004a55a        0x4 C:/Users/qmk/Desktop/DWM1001/Source_Code/DWM1001_on_board_package/dwm/examples/dwm-simple/../../lib/libdwm.a(shell-sys.o)
                0x0004a55a                cmd_pm_show
 .text.cmd_uptime
                0x0004a55e        0x4 C:/Users/qmk/Desktop/DWM1001/Source_Code/DWM1001_on_board_package/dwm/examples/dwm-simple/../../lib/libdwm.a(shell-sys.o)
                0x0004a55e                cmd_uptime
 *fill*         0x0004a562        0x2 
 .text.cmd_boot_addr_toggle
                0x0004a564       0x38 C:/Users/qmk/Desktop/DWM1001/Source_Code/DWM1001_on_board_package/dwm/examples/dwm-simple/../../lib/libdwm.a(shell-sys.o)
                0x0004a564                cmd_boot_addr_toggle
 .text.cmd_shutdown_uwb
                0x0004a59c       0x54 C:/Users/qmk/Desktop/DWM1001/Source_Code/DWM1001_on_board_package/dwm/examples/dwm-simple/../../lib/libdwm.a(shell-sys.o)
                0x0004a59c                cmd_shutdown_uwb
 .text.cmd_shutdown_ble
                0x0004a5f0        0xe C:/Users/qmk/Desktop/DWM1001/Source_Code/DWM1001_on_board_package/dwm/examples/dwm-simple/../../lib/libdwm.a(shell-sys.o)
                0x0004a5f0                cmd_shutdown_ble
 *fill*         0x0004a5fe        0x2 
 .text.cmd_shutdown_misc
                0x0004a600       0x50 C:/Users/qmk/Desktop/DWM1001/Source_Code/DWM1001_on_board_package/dwm/examples/dwm-simple/../../lib/libdwm.a(shell-sys.o)
                0x0004a600                cmd_shutdown_misc
 .text.cmd_shutdown_all
                0x0004a650        0xe C:/Users/qmk/Desktop/DWM1001/Source_Code/DWM1001_on_board_package/dwm/examples/dwm-simple/../../lib/libdwm.a(shell-sys.o)
                0x0004a650                cmd_shutdown_all
 .text.cmd_factory_reset
                0x0004a65e        0x4 C:/Users/qmk/Desktop/DWM1001/Source_Code/DWM1001_on_board_package/dwm/examples/dwm-simple/../../lib/libdwm.a(shell-sys.o)
                0x0004a65e                cmd_factory_reset
 .text.cmd_sys_info
                0x0004a662       0x30 C:/Users/qmk/Desktop/DWM1001/Source_Code/DWM1001_on_board_package/dwm/examples/dwm-simple/../../lib/libdwm.a(shell-sys.o)
 *fill*         0x0004a692        0x2 
 .text.NVIC_SystemReset
                0x0004a694       0x24 C:/Users/qmk/Desktop/DWM1001/Source_Code/DWM1001_on_board_package/dwm/examples/dwm-simple/../../lib/libdwm.a(shell-uwbmac.o)
 .text.cmd_uwbmac_stats_clear
                0x0004a6b8       0x28 C:/Users/qmk/Desktop/DWM1001/Source_Code/DWM1001_on_board_package/dwm/examples/dwm-simple/../../lib/libdwm.a(shell-uwbmac.o)
 .text.cmd_test_udi
                0x0004a6e0       0x38 C:/Users/qmk/Desktop/DWM1001/Source_Code/DWM1001_on_board_package/dwm/examples/dwm-simple/../../lib/libdwm.a(shell-uwbmac.o)
 .text.cmd_uwbmac_stats_get
                0x0004a718        0xe C:/Users/qmk/Desktop/DWM1001/Source_Code/DWM1001_on_board_package/dwm/examples/dwm-simple/../../lib/libdwm.a(shell-uwbmac.o)
 *fill*         0x0004a726        0x2 
 .text.cmd_test_uui
                0x0004a728      0x170 C:/Users/qmk/Desktop/DWM1001/Source_Code/DWM1001_on_board_package/dwm/examples/dwm-simple/../../lib/libdwm.a(shell-uwbmac.o)
 .text.cmd_uwbmac_lrn
                0x0004a898       0xf4 C:/Users/qmk/Desktop/DWM1001/Source_Code/DWM1001_on_board_package/dwm/examples/dwm-simple/../../lib/libdwm.a(shell-uwbmac.o)
 .text.cmd_uwbmac_lr
                0x0004a98c       0xf4 C:/Users/qmk/Desktop/DWM1001/Source_Code/DWM1001_on_board_package/dwm/examples/dwm-simple/../../lib/libdwm.a(shell-uwbmac.o)
 .text.cmd_uwbmac_lb
                0x0004aa80       0x18 C:/Users/qmk/Desktop/DWM1001/Source_Code/DWM1001_on_board_package/dwm/examples/dwm-simple/../../lib/libdwm.a(shell-uwbmac.o)
 .text.cmd_uwbmac_la
                0x0004aa98       0x18 C:/Users/qmk/Desktop/DWM1001/Source_Code/DWM1001_on_board_package/dwm/examples/dwm-simple/../../lib/libdwm.a(shell-uwbmac.o)
 .text.cmd_uwbmac_reinit
                0x0004aab0       0x64 C:/Users/qmk/Desktop/DWM1001/Source_Code/DWM1001_on_board_package/dwm/examples/dwm-simple/../../lib/libdwm.a(shell-uwbmac.o)
 .text.cmd_acf_toggle
                0x0004ab14       0x58 C:/Users/qmk/Desktop/DWM1001/Source_Code/DWM1001_on_board_package/dwm/examples/dwm-simple/../../lib/libdwm.a(shell-uwbmac.o)
 .text.cmd_bpc_toggle
                0x0004ab6c       0x58 C:/Users/qmk/Desktop/DWM1001/Source_Code/DWM1001_on_board_package/dwm/examples/dwm-simple/../../lib/libdwm.a(shell-uwbmac.o)
 .text.cmd_node_mode_set_bn
                0x0004abc4        0xe C:/Users/qmk/Desktop/DWM1001/Source_Code/DWM1001_on_board_package/dwm/examples/dwm-simple/../../lib/libdwm.a(shell-uwbmac.o)
 .text.cmd_node_mode_set_tn_lp
                0x0004abd2        0xe C:/Users/qmk/Desktop/DWM1001/Source_Code/DWM1001_on_board_package/dwm/examples/dwm-simple/../../lib/libdwm.a(shell-uwbmac.o)
 .text.cmd_node_mode_set_tn
                0x0004abe0        0xe C:/Users/qmk/Desktop/DWM1001/Source_Code/DWM1001_on_board_package/dwm/examples/dwm-simple/../../lib/libdwm.a(shell-uwbmac.o)
 .text.cmd_node_mode_set_ani
                0x0004abee        0xe C:/Users/qmk/Desktop/DWM1001/Source_Code/DWM1001_on_board_package/dwm/examples/dwm-simple/../../lib/libdwm.a(shell-uwbmac.o)
 .text.cmd_node_mode_set_an
                0x0004abfc        0xe C:/Users/qmk/Desktop/DWM1001/Source_Code/DWM1001_on_board_package/dwm/examples/dwm-simple/../../lib/libdwm.a(shell-uwbmac.o)
 .text.cmd_node_mode_set_pn_off
                0x0004ac0a       0x10 C:/Users/qmk/Desktop/DWM1001/Source_Code/DWM1001_on_board_package/dwm/examples/dwm-simple/../../lib/libdwm.a(shell-uwbmac.o)
 .text.cmd_node_mode_set_pn_pasv
                0x0004ac1a       0x10 C:/Users/qmk/Desktop/DWM1001/Source_Code/DWM1001_on_board_package/dwm/examples/dwm-simple/../../lib/libdwm.a(shell-uwbmac.o)
 *fill*         0x0004ac2a        0x2 
 .text.cmd_node_mode_get
                0x0004ac2c       0x24 C:/Users/qmk/Desktop/DWM1001/Source_Code/DWM1001_on_board_package/dwm/examples/dwm-simple/../../lib/libdwm.a(shell-uwbmac.o)
 .text.cmd_uwbmac_nls
                0x0004ac50       0x7c C:/Users/qmk/Desktop/DWM1001/Source_Code/DWM1001_on_board_package/dwm/examples/dwm-simple/../../lib/libdwm.a(shell-uwbmac.o)
 .text.cmd_uwbmac_nis
                0x0004accc       0x78 C:/Users/qmk/Desktop/DWM1001/Source_Code/DWM1001_on_board_package/dwm/examples/dwm-simple/../../lib/libdwm.a(shell-uwbmac.o)
 .text.sd_softdevice_disable
                0x0004ad44        0x4 C:/Users/qmk/Desktop/DWM1001/Source_Code/DWM1001_on_board_package/dwm/examples/dwm-simple/../../lib/libdwm.a(softdevice_handler.o)
 .text.softdevice_handler_is_enabled
                0x0004ad48        0xc C:/Users/qmk/Desktop/DWM1001/Source_Code/DWM1001_on_board_package/dwm/examples/dwm-simple/../../lib/libdwm.a(softdevice_handler.o)
                0x0004ad48                softdevice_handler_is_enabled
 .text.softdevice_handler_sd_disable
                0x0004ad54       0x1c C:/Users/qmk/Desktop/DWM1001/Source_Code/DWM1001_on_board_package/dwm/examples/dwm-simple/../../lib/libdwm.a(softdevice_handler.o)
                0x0004ad54                softdevice_handler_sd_disable
 .text.stats_get_data
                0x0004ad70        0x8 C:/Users/qmk/Desktop/DWM1001/Source_Code/DWM1001_on_board_package/dwm/examples/dwm-simple/../../lib/libdwm.a(stats.o)
                0x0004ad70                stats_get_data
 .text.stats_reset
                0x0004ad78        0x8 C:/Users/qmk/Desktop/DWM1001/Source_Code/DWM1001_on_board_package/dwm/examples/dwm-simple/../../lib/libdwm.a(stats.o)
                0x0004ad78                stats_reset
 .text.stats_get_tot_err
                0x0004ad80       0x4c C:/Users/qmk/Desktop/DWM1001/Source_Code/DWM1001_on_board_package/dwm/examples/dwm-simple/../../lib/libdwm.a(stats.o)
                0x0004ad80                stats_get_tot_err
 .text.stats_dump
                0x0004adcc      0x2e8 C:/Users/qmk/Desktop/DWM1001/Source_Code/DWM1001_on_board_package/dwm/examples/dwm-simple/../../lib/libdwm.a(stats.o)
                0x0004adcc                stats_dump
 .text.env_bytes_get
                0x0004b0b4       0x28 C:/Users/qmk/Desktop/DWM1001/Source_Code/DWM1001_on_board_package/dwm/examples/dwm-simple/../../lib/libdwm.a(sys-cfg.o)
 .text.sys_cfg_type_is_valid
                0x0004b0dc       0x14 C:/Users/qmk/Desktop/DWM1001/Source_Code/DWM1001_on_board_package/dwm/examples/dwm-simple/../../lib/libdwm.a(sys-cfg.o)
 .text.sys_cfg_type_load
                0x0004b0f0       0x24 C:/Users/qmk/Desktop/DWM1001/Source_Code/DWM1001_on_board_package/dwm/examples/dwm-simple/../../lib/libdwm.a(sys-cfg.o)
 .text.sys_cfg_node_save.constprop.8
                0x0004b114       0x1c C:/Users/qmk/Desktop/DWM1001/Source_Code/DWM1001_on_board_package/dwm/examples/dwm-simple/../../lib/libdwm.a(sys-cfg.o)
 .text.sys_cfg_uwbmac_save.constprop.2
                0x0004b130       0x1c C:/Users/qmk/Desktop/DWM1001/Source_Code/DWM1001_on_board_package/dwm/examples/dwm-simple/../../lib/libdwm.a(sys-cfg.o)
 .text.sys_cfg_uwb0_save.constprop.5
                0x0004b14c       0x1c C:/Users/qmk/Desktop/DWM1001/Source_Code/DWM1001_on_board_package/dwm/examples/dwm-simple/../../lib/libdwm.a(sys-cfg.o)
 .text.sys_cfg_node_get
                0x0004b168       0x14 C:/Users/qmk/Desktop/DWM1001/Source_Code/DWM1001_on_board_package/dwm/examples/dwm-simple/../../lib/libdwm.a(sys-cfg.o)
                0x0004b168                sys_cfg_node_get
 .text.sys_cfg_fw_info_update
                0x0004b17c       0x68 C:/Users/qmk/Desktop/DWM1001/Source_Code/DWM1001_on_board_package/dwm/examples/dwm-simple/../../lib/libdwm.a(sys-cfg.o)
                0x0004b17c                sys_cfg_fw_info_update
 .text.sys_cfg_name_set
                0x0004b1e4       0x28 C:/Users/qmk/Desktop/DWM1001/Source_Code/DWM1001_on_board_package/dwm/examples/dwm-simple/../../lib/libdwm.a(sys-cfg.o)
                0x0004b1e4                sys_cfg_name_set
 .text.sys_cfg_usr_data_get
                0x0004b20c        0x8 C:/Users/qmk/Desktop/DWM1001/Source_Code/DWM1001_on_board_package/dwm/examples/dwm-simple/../../lib/libdwm.a(sys-cfg.o)
                0x0004b20c                sys_cfg_usr_data_get
 .text.sys_cfg_usr_data_set
                0x0004b214       0x28 C:/Users/qmk/Desktop/DWM1001/Source_Code/DWM1001_on_board_package/dwm/examples/dwm-simple/../../lib/libdwm.a(sys-cfg.o)
                0x0004b214                sys_cfg_usr_data_set
 .text.sys_cfg_uwb0_get
                0x0004b23c       0x18 C:/Users/qmk/Desktop/DWM1001/Source_Code/DWM1001_on_board_package/dwm/examples/dwm-simple/../../lib/libdwm.a(sys-cfg.o)
                0x0004b23c                sys_cfg_uwb0_get
 .text.sys_cfg_uwb0_set
                0x0004b254       0x34 C:/Users/qmk/Desktop/DWM1001/Source_Code/DWM1001_on_board_package/dwm/examples/dwm-simple/../../lib/libdwm.a(sys-cfg.o)
                0x0004b254                sys_cfg_uwb0_set
 .text.sys_cfg_uwb0_tx_get
                0x0004b288       0x38 C:/Users/qmk/Desktop/DWM1001/Source_Code/DWM1001_on_board_package/dwm/examples/dwm-simple/../../lib/libdwm.a(sys-cfg.o)
                0x0004b288                sys_cfg_uwb0_tx_get
 .text.sys_cfg_uwb0_tx_set
                0x0004b2c0       0x2c C:/Users/qmk/Desktop/DWM1001/Source_Code/DWM1001_on_board_package/dwm/examples/dwm-simple/../../lib/libdwm.a(sys-cfg.o)